Archive member included to satisfy reference by file (symbol)

d:/3/mounriver_studio/toolchain/risc-v embedded gcc/bin/../lib/gcc/riscv-none-embed/8.2.0/rv32imacxw/ilp32\libgcc.a(adddf3.o)
                              ./app/gps_app.o (__adddf3)
d:/3/mounriver_studio/toolchain/risc-v embedded gcc/bin/../lib/gcc/riscv-none-embed/8.2.0/rv32imacxw/ilp32\libgcc.a(divdf3.o)
                              ./app/gps_app.o (__divdf3)
d:/3/mounriver_studio/toolchain/risc-v embedded gcc/bin/../lib/gcc/riscv-none-embed/8.2.0/rv32imacxw/ilp32\libgcc.a(muldf3.o)
                              ./app/gps_app.o (__muldf3)
d:/3/mounriver_studio/toolchain/risc-v embedded gcc/bin/../lib/gcc/riscv-none-embed/8.2.0/rv32imacxw/ilp32\libgcc.a(subdf3.o)
                              ./app/gps_app.o (__subdf3)
d:/3/mounriver_studio/toolchain/risc-v embedded gcc/bin/../lib/gcc/riscv-none-embed/8.2.0/rv32imacxw/ilp32\libgcc.a(fixunsdfsi.o)
                              ./app/gps_app.o (__fixunsdfsi)
d:/3/mounriver_studio/toolchain/risc-v embedded gcc/bin/../lib/gcc/riscv-none-embed/8.2.0/rv32imacxw/ilp32\libgcc.a(addsf3.o)
                              ./app/gps_app.o (__addsf3)
d:/3/mounriver_studio/toolchain/risc-v embedded gcc/bin/../lib/gcc/riscv-none-embed/8.2.0/rv32imacxw/ilp32\libgcc.a(divsf3.o)
                              ./app/gps_app.o (__divsf3)
d:/3/mounriver_studio/toolchain/risc-v embedded gcc/bin/../lib/gcc/riscv-none-embed/8.2.0/rv32imacxw/ilp32\libgcc.a(mulsf3.o)
                              ./component/lcd.o (__mulsf3)
d:/3/mounriver_studio/toolchain/risc-v embedded gcc/bin/../lib/gcc/riscv-none-embed/8.2.0/rv32imacxw/ilp32\libgcc.a(subsf3.o)
                              ./app/gps_app.o (__subsf3)
d:/3/mounriver_studio/toolchain/risc-v embedded gcc/bin/../lib/gcc/riscv-none-embed/8.2.0/rv32imacxw/ilp32\libgcc.a(fixsfsi.o)
                              ./app/onewire_app.o (__fixsfsi)
d:/3/mounriver_studio/toolchain/risc-v embedded gcc/bin/../lib/gcc/riscv-none-embed/8.2.0/rv32imacxw/ilp32\libgcc.a(fixunssfsi.o)
                              ./component/lcd.o (__fixunssfsi)
d:/3/mounriver_studio/toolchain/risc-v embedded gcc/bin/../lib/gcc/riscv-none-embed/8.2.0/rv32imacxw/ilp32\libgcc.a(floatsisf.o)
                              ./app/onewire_app.o (__floatsisf)
d:/3/mounriver_studio/toolchain/risc-v embedded gcc/bin/../lib/gcc/riscv-none-embed/8.2.0/rv32imacxw/ilp32\libgcc.a(floatunsisf.o)
                              ./app/gps_app.o (__floatunsisf)
d:/3/mounriver_studio/toolchain/risc-v embedded gcc/bin/../lib/gcc/riscv-none-embed/8.2.0/rv32imacxw/ilp32\libgcc.a(extendsfdf2.o)
                              ./app/gps_app.o (__extendsfdf2)
d:/3/mounriver_studio/toolchain/risc-v embedded gcc/bin/../lib/gcc/riscv-none-embed/8.2.0/rv32imacxw/ilp32\libgcc.a(truncdfsf2.o)
                              ./app/gps_app.o (__truncdfsf2)
d:/3/mounriver_studio/toolchain/risc-v embedded gcc/bin/../lib/gcc/riscv-none-embed/8.2.0/rv32imacxw/ilp32\libgcc.a(save-restore.o)
                              ./component/ff.o (__riscv_save_12)
d:/3/mounriver_studio/toolchain/risc-v embedded gcc/bin/../lib/gcc/riscv-none-embed/8.2.0/rv32imacxw/ilp32\libgcc.a(_clzsi2.o)
                              d:/3/mounriver_studio/toolchain/risc-v embedded gcc/bin/../lib/gcc/riscv-none-embed/8.2.0/rv32imacxw/ilp32\libgcc.a(adddf3.o) (__clzsi2)
d:/3/mounriver_studio/toolchain/risc-v embedded gcc/bin/../lib/gcc/riscv-none-embed/8.2.0/rv32imacxw/ilp32\libgcc.a(_clz.o)
                              d:/3/mounriver_studio/toolchain/risc-v embedded gcc/bin/../lib/gcc/riscv-none-embed/8.2.0/rv32imacxw/ilp32\libgcc.a(_clzsi2.o) (__clz_tab)
d:/3/mounriver_studio/toolchain/risc-v embedded gcc/bin/../lib/gcc/riscv-none-embed/8.2.0/../../../../riscv-none-embed/lib/rv32imacxw/ilp32\libg_nano.a(lib_a-fflush.o)
                              ./app/onenet_app.o (fflush)
d:/3/mounriver_studio/toolchain/risc-v embedded gcc/bin/../lib/gcc/riscv-none-embed/8.2.0/../../../../riscv-none-embed/lib/rv32imacxw/ilp32\libg_nano.a(lib_a-findfp.o)
                              d:/3/mounriver_studio/toolchain/risc-v embedded gcc/bin/../lib/gcc/riscv-none-embed/8.2.0/../../../../riscv-none-embed/lib/rv32imacxw/ilp32\libg_nano.a(lib_a-fflush.o) (__sinit)
d:/3/mounriver_studio/toolchain/risc-v embedded gcc/bin/../lib/gcc/riscv-none-embed/8.2.0/../../../../riscv-none-embed/lib/rv32imacxw/ilp32\libg_nano.a(lib_a-fwalk.o)
                              d:/3/mounriver_studio/toolchain/risc-v embedded gcc/bin/../lib/gcc/riscv-none-embed/8.2.0/../../../../riscv-none-embed/lib/rv32imacxw/ilp32\libg_nano.a(lib_a-findfp.o) (_fwalk)
d:/3/mounriver_studio/toolchain/risc-v embedded gcc/bin/../lib/gcc/riscv-none-embed/8.2.0/../../../../riscv-none-embed/lib/rv32imacxw/ilp32\libg_nano.a(lib_a-impure.o)
[...]
Memory Configuration

Name             Origin             Length             Attributes
FLASH            0x0000000000000000 0x0000000000048000 xr
RAM              0x0000000020000000 0x0000000000008000 xrw
*default*        0x0000000000000000 0xffffffffffffffff

Linker script and memory map

LOAD ./component/diskio.o
LOAD ./component/ff.o
LOAD ./component/ffsystem.o
LOAD ./component/ffunicode.o
LOAD ./component/lcd.o
LOAD ./component/ringbuffer.o
LOAD ./app/audio_app.o
LOAD ./app/eeprom_app.o
LOAD ./app/gps_app.o
LOAD ./app/key_app.o
LOAD ./app/lcd_app.o
LOAD ./app/lcd_test.o
LOAD ./app/nfc_app.o
LOAD ./app/onenet_app.o
LOAD ./app/onewire_app.o
LOAD ./app/page_app.o
LOAD ./app/rtc_app.o
LOAD ./app/scheduler_app.o
LOAD ./app/sd_app.o
LOAD ./User/ch32v30x_it.o
LOAD ./User/data.o
LOAD ./User/gpio.o
LOAD ./User/main.o
LOAD ./User/sdio.o
LOAD ./User/system_ch32v30x.o
LOAD ./User/systick.o
LOAD ./User/uart.o
LOAD ./Startup/startup_ch32v30x_D8C.o
LOAD ./Peripheral/src/ch32v30x_adc.o
LOAD ./Peripheral/src/ch32v30x_bkp.o
LOAD ./Peripheral/src/ch32v30x_can.o
LOAD ./Peripheral/src/ch32v30x_crc.o
LOAD ./Peripheral/src/ch32v30x_dac.o
LOAD ./Peripheral/src/ch32v30x_dbgmcu.o
LOAD ./Peripheral/src/ch32v30x_dma.o
LOAD ./Peripheral/src/ch32v30x_dvp.o
LOAD ./Peripheral/src/ch32v30x_eth.o
LOAD ./Peripheral/src/ch32v30x_exti.o
LOAD ./Peripheral/src/ch32v30x_flash.o
LOAD ./Peripheral/src/ch32v30x_fsmc.o
LOAD ./Peripheral/src/ch32v30x_gpio.o
LOAD ./Peripheral/src/ch32v30x_i2c.o
LOAD ./Peripheral/src/ch32v30x_iwdg.o
LOAD ./Peripheral/src/ch32v30x_misc.o
LOAD ./Peripheral/src/ch32v30x_opa.o
LOAD ./Peripheral/src/ch32v30x_pwr.o
LOAD ./Peripheral/src/ch32v30x_rcc.o
LOAD ./Peripheral/src/ch32v30x_rng.o
LOAD ./Peripheral/src/ch32v30x_rtc.o
LOAD ./Peripheral/src/ch32v30x_sdio.o
LOAD ./Peripheral/src/ch32v30x_spi.o
LOAD ./Peripheral/src/ch32v30x_tim.o
LOAD ./Peripheral/src/ch32v30x_usart.o
LOAD ./Peripheral/src/ch32v30x_wwdg.o
LOAD ./Debug/debug.o
LOAD ./Core/core_riscv.o
LOAD d:/3/mounriver_studio/toolchain/risc-v embedded gcc/bin/../lib/gcc/riscv-none-embed/8.2.0/../../../../riscv-none-embed/lib/rv32imacxw/ilp32\libm.a
LOAD d:/3/mounriver_studio/toolchain/risc-v embedded gcc/bin/../lib/gcc/riscv-none-embed/8.2.0/rv32imacxw/ilp32\libgcc.a
LOAD d:/3/mounriver_studio/toolchain/risc-v embedded gcc/bin/../lib/gcc/riscv-none-embed/8.2.0/../../../../riscv-none-embed/lib/rv32imacxw/ilp32\libg_nano.a
LOAD d:/3/mounriver_studio/toolchain/risc-v embedded gcc/bin/../lib/gcc/riscv-none-embed/8.2.0/../../../../riscv-none-embed/lib/rv32imacxw/ilp32\libc_nano.a
LOAD d:/3/mounriver_studio/toolchain/risc-v embedded gcc/bin/../lib/gcc/riscv-none-embed/8.2.0/rv32imacxw/ilp32\libgcc.a
START GROUP
LOAD d:/3/mounriver_studio/toolchain/risc-v embedded gcc/bin/../lib/gcc/riscv-none-embed/8.2.0/rv32imacxw/ilp32\libgcc.a
LOAD d:/3/mounriver_studio/toolchain/risc-v embedded gcc/bin/../lib/gcc/riscv-none-embed/8.2.0/../../../../riscv-none-embed/lib/rv32imacxw/ilp32\libc_nano.a
LOAD d:/3/mounriver_studio/toolchain/risc-v embedded gcc/bin/../lib/gcc/riscv-none-embed/8.2.0/../../../../riscv-none-embed/lib/rv32imacxw/ilp32\libnosys.a
END GROUP
START GROUP
LOAD d:/3/mounriver_studio/toolchain/risc-v embedded gcc/bin/../lib/gcc/riscv-none-embed/8.2.0/rv32imacxw/ilp32\libgcc.a
LOAD d:/3/mounriver_studio/toolchain/risc-v embedded gcc/bin/../lib/gcc/riscv-none-embed/8.2.0/../../../../riscv-none-embed/lib/rv32imacxw/ilp32\libc_nano.a
LOAD d:/3/mounriver_studio/toolchain/risc-v embedded gcc/bin/../lib/gcc/riscv-none-embed/8.2.0/../../../../riscv-none-embed/lib/rv32imacxw/ilp32\libnosys.a
END GROUP
                0x0000000000000800                __stack_size = 0x800
                [!provide]                        PROVIDE (_stack_size = __stack_size)

.init           0x0000000000000000        0x4
                0x0000000000000000                _sinit = .
                0x0000000000000000                . = ALIGN (0x4)
 *(SORT_NONE(.init))
 .init          0x0000000000000000        0x4 ./Startup/startup_ch32v30x_D8C.o
                0x0000000000000000                _start
                0x0000000000000004                . = ALIGN (0x4)
                0x0000000000000004                _einit = .

.vector         0x0000000000000004      0x1bc
 *(.vector)
 .vector        0x0000000000000004      0x1a0 ./Startup/startup_ch32v30x_D8C.o
                0x00000000000001c0                . = ALIGN (0x40)
 *fill*         0x00000000000001a4       0x1c 

.text           0x00000000000001c0    0x39594
                0x00000000000001c0                . = ALIGN (0x4)
 *(.text)
 .text          0x00000000000001c0       0x60 d:/3/mounriver_studio/toolchain/risc-v embedded gcc/bin/../lib/gcc/riscv-none-embed/8.2.0/rv32imacxw/ilp32\libgcc.a(save-restore.o)
                0x00000000000001c0                __riscv_save_12
                0x00000000000001c8                __riscv_save_9
                0x00000000000001c8                __riscv_save_11
                0x00000000000001c8                __riscv_save_10
                0x00000000000001c8                __riscv_save_8
                0x00000000000001d6                __riscv_save_4
                0x00000000000001d6                __riscv_save_6
                0x00000000000001d6                __riscv_save_5
                0x00000000000001d6                __riscv_save_7
                0x00000000000001f0                __riscv_save_3
                0x00000000000001f0                __riscv_save_2
                0x00000000000001f0                __riscv_save_1
                0x00000000000001f0                __riscv_save_0
                0x00000000000001fc                __riscv_restore_12
                0x0000000000000200                __riscv_restore_11
                0x0000000000000200                __riscv_restore_9
                0x0000000000000200                __riscv_restore_10
                0x0000000000000200                __riscv_restore_8
                0x000000000000020a                __riscv_restore_5
                0x000000000000020a                __riscv_restore_7
                0x000000000000020a                __riscv_restore_6
                0x000000000000020a                __riscv_restore_4
                0x0000000000000214                __riscv_restore_3
                0x0000000000000214                __riscv_restore_0
                0x0000000000000214                __riscv_restore_2
                0x0000000000000214                __riscv_restore_1
 .text          0x0000000000000220       0xa8 d:/3/mounriver_studio/toolchain/risc-v embedded gcc/bin/../lib/gcc/riscv-none-embed/8.2.0/../../../../riscv-none-embed/lib/rv32imacxw/ilp32\libg_nano.a(lib_a-memset.o)
                0x0000000000000220                memset
 *(.text.*)
 .text.disk_status
                0x00000000000002c8       0x1c ./component/diskio.o
                0x00000000000002c8                disk_status
 .text.disk_initialize
                0x00000000000002e4       0x1c ./component/diskio.o
                0x00000000000002e4                disk_initialize
 .text.disk_read
                0x0000000000000300       0x22 ./component/diskio.o
                0x0000000000000300                disk_read
 .text.disk_write
                0x0000000000000322       0x22 ./component/diskio.o
                0x0000000000000322                disk_write
 .text.disk_ioctl
                0x0000000000000344       0x54 ./component/diskio.o
                0x0000000000000344                disk_ioctl
 .text.get_fattime
                0x0000000000000398        0x4 ./component/diskio.o
                0x0000000000000398                get_fattime
 .text.ld_dword
                0x000000000000039c       0x16 ./component/ff.o
 .text.st_dword
                0x00000000000003b2       0x14 ./component/ff.o
 .text.clst2sect
                0x00000000000003c6       0x1a ./component/ff.o
 .text.get_ldnumber
                0x00000000000003e0       0x52 ./component/ff.o
 .text.validate
                0x0000000000000432       0x3c ./component/ff.o
 .text.ld_clust.isra.0
                0x000000000000046e       0x1e ./component/ff.o
 .text.st_clust.isra.1
                0x000000000000048c       0x1e ./component/ff.o
 .text.sync_window.part.3
                0x00000000000004aa       0x42 ./component/ff.o
 .text.move_window
                0x00000000000004ec       0x3a ./component/ff.o
 .text.check_fs
                0x0000000000000526       0xe8 ./component/ff.o
 .text.put_fat  0x000000000000060e      0x10a ./component/ff.o
 .text.get_fat.isra.6
                0x0000000000000718       0xbe ./component/ff.o
 .text.create_chain
                0x00000000000007d6       0xe6 ./component/ff.o
 .text.remove_chain
                0x00000000000008bc       0x72 ./component/ff.o
 .text.mount_volume
                0x000000000000092e      0x2ba ./component/ff.o
 .text.dir_sdi.constprop.13
                0x0000000000000be8       0x72 ./component/ff.o
 .text.sync_fs  0x0000000000000c5a       0xac ./component/ff.o
 .text.dir_clear
                0x0000000000000d06       0x60 ./component/ff.o
 .text.dir_next
                0x0000000000000d66       0xb8 ./component/ff.o
 .text.follow_path
                0x0000000000000e1e      0x1f2 ./component/ff.o
 .text.dir_register
                0x0000000000001010       0x6e ./component/ff.o
 .text.f_mount  0x000000000000107e       0x52 ./component/ff.o
                0x000000000000107e                f_mount
 .text.f_open   0x00000000000010d0      0x1d2 ./component/ff.o
                0x00000000000010d0                f_open
 .text.f_read   0x00000000000012a2      0x16a ./component/ff.o
                0x00000000000012a2                f_read
 .text.f_write  0x000000000000140c      0x19c ./component/ff.o
                0x000000000000140c                f_write
 .text.f_sync   0x00000000000015a8       0x9c ./component/ff.o
                0x00000000000015a8                f_sync
 .text.f_close  0x0000000000001644       0x20 ./component/ff.o
                0x0000000000001644                f_close
 .text.f_mkfs   0x0000000000001664      0x6ec ./component/ff.o
                0x0000000000001664                f_mkfs
 .text.SPI_LCD_Init
                0x0000000000001d50       0xdc ./component/lcd.o
                0x0000000000001d50                SPI_LCD_Init
 .text.SPI3_IRQHandler
                0x0000000000001e2c        0x4 ./component/lcd.o
                0x0000000000001e2c                SPI3_IRQHandler
 .text.spi_readwrite
                0x0000000000001e30       0x62 ./component/lcd.o
                0x0000000000001e30                spi_readwrite
 .text.LCD_WR_DATA8
                0x0000000000001e92       0x30 ./component/lcd.o
                0x0000000000001e92                LCD_WR_DATA8
 .text.LCD_WR_DATA
                0x0000000000001ec2       0x38 ./component/lcd.o
                0x0000000000001ec2                LCD_WR_DATA
 .text.LCD_WR_REG
                0x0000000000001efa       0x30 ./component/lcd.o
                0x0000000000001efa                LCD_WR_REG
 .text.LCD_Address_Set
                0x0000000000001f2a       0x3c ./component/lcd.o
                0x0000000000001f2a                LCD_Address_Set
 .text.LCD_Init
                0x0000000000001f66      0x20e ./component/lcd.o
                0x0000000000001f66                LCD_Init
 .text.LCD_Fill
                0x0000000000002174       0x54 ./component/lcd.o
                0x0000000000002174                LCD_Fill
 .text.LCD_DrawPoint
                0x00000000000021c8       0x18 ./component/lcd.o
                0x00000000000021c8                LCD_DrawPoint
 .text.LCD_ShowChinese16x16
                0x00000000000021e0       0xe6 ./component/lcd.o
                0x00000000000021e0                LCD_ShowChinese16x16
 .text.LCD_ShowChinese24x24
                0x00000000000022c6       0xe8 ./component/lcd.o
                0x00000000000022c6                LCD_ShowChinese24x24
 .text.LCD_ShowChinese32x32
                0x00000000000023ae       0xe8 ./component/lcd.o
                0x00000000000023ae                LCD_ShowChinese32x32
 .text.LCD_ShowChinese
                0x0000000000002496       0x88 ./component/lcd.o
                0x0000000000002496                LCD_ShowChinese
 .text.lcd_show_chinese
                0x000000000000251e       0x4e ./component/lcd.o
                0x000000000000251e                lcd_show_chinese
 .text.LCD_ShowChar
                0x000000000000256c       0xf8 ./component/lcd.o
                0x000000000000256c                LCD_ShowChar
 .text.LCD_ShowString
                0x0000000000002664       0x38 ./component/lcd.o
                0x0000000000002664                LCD_ShowString
 .text.LCD_ShowIntNum
                0x000000000000269c       0x94 ./component/lcd.o
                0x000000000000269c                LCD_ShowIntNum
 .text.LCD_ShowPicture
                0x0000000000002730       0x72 ./component/lcd.o
                0x0000000000002730                LCD_ShowPicture
 .text.audio_play
                0x00000000000027a2       0x4c ./app/audio_app.o
                0x00000000000027a2                audio_play
 .text.gps_init
                0x00000000000027ee       0x14 ./app/gps_app.o
                0x00000000000027ee                gps_init
 .text.gps_arrive
                0x0000000000002802       0x6c ./app/gps_app.o
                0x0000000000002802                gps_arrive
 .text.Data_Transfor
                0x000000000000286e      0x180 ./app/gps_app.o
                0x000000000000286e                Data_Transfor
 .text.gps_proc
                0x00000000000029ee      0x126 ./app/gps_app.o
                0x00000000000029ee                gps_proc
 .text.show_td  0x0000000000002b14      0x142 ./app/gps_app.o
                0x0000000000002b14                show_td
 .text.RTC_GetTime
                0x0000000000002c56       0x12 ./app/gps_app.o
                0x0000000000002c56                RTC_GetTime
 .text.Touch_Key_Init
                0x0000000000002c68       0x86 ./app/key_app.o
                0x0000000000002c68                Touch_Key_Init
 .text.Touch_Key_Adc
                0x0000000000002cee       0x42 ./app/key_app.o
                0x0000000000002cee                Touch_Key_Adc
 .text.key_proc
                0x0000000000002d30       0xba ./app/key_app.o
                0x0000000000002d30                key_proc
 .text.insertTwoInts
                0x0000000000002dea       0xc2 ./app/lcd_app.o
                0x0000000000002dea                insertTwoInts
 .text.lcd_init
                0x0000000000002eac       0x4c ./app/lcd_app.o
                0x0000000000002eac                lcd_init
 .text.lcd_proc
                0x0000000000002ef8       0xa6 ./app/lcd_app.o
                0x0000000000002ef8                lcd_proc
 .text.USART2_IRQHandler
                0x0000000000002f9e       0xca ./app/nfc_app.o
                0x0000000000002f9e                USART2_IRQHandler
 .text.simulate_passenger_boarding
                0x0000000000003068       0x7e ./app/nfc_app.o
                0x0000000000003068                simulate_passenger_boarding
 .text.add_card
                0x00000000000030e6       0x6e ./app/nfc_app.o
                0x00000000000030e6                add_card
 .text.nfc_proc
                0x0000000000003154       0x40 ./app/nfc_app.o
                0x0000000000003154                nfc_proc
 .text.onenet_init
                0x0000000000003194       0xf2 ./app/onenet_app.o
                0x0000000000003194                onenet_init
 .text.onenet_proc
                0x0000000000003286      0x1fa ./app/onenet_app.o
                0x0000000000003286                onenet_proc
 .text.DHT11_Init
                0x0000000000003480       0x48 ./app/onewire_app.o
                0x0000000000003480                DHT11_Init
 .text.DHT11_Read
                0x00000000000034c8      0x16e ./app/onewire_app.o
                0x00000000000034c8                DHT11_Read
 .text.show_temperature
                0x0000000000003636       0xee ./app/onewire_app.o
                0x0000000000003636                show_temperature
 .text.showgps  0x0000000000003724       0x38 ./app/page_app.o
                0x0000000000003724                showgps
 .text.my_pageA0
                0x000000000000375c       0x68 ./app/page_app.o
                0x000000000000375c                my_pageA0
 .text.my_pageA1
                0x00000000000037c4       0x68 ./app/page_app.o
                0x00000000000037c4                my_pageA1
 .text.my_pageB2
                0x000000000000382c       0x68 ./app/page_app.o
                0x000000000000382c                my_pageB2
 .text.my_pageB3
                0x0000000000003894       0x68 ./app/page_app.o
                0x0000000000003894                my_pageB3
 .text.my_pageB5
                0x00000000000038fc       0x98 ./app/page_app.o
                0x00000000000038fc                my_pageB5
 .text.my_pageB6
                0x0000000000003994       0x98 ./app/page_app.o
                0x0000000000003994                my_pageB6
 .text.bus_proc
                0x0000000000003a2c       0x78 ./app/page_app.o
                0x0000000000003a2c                bus_proc
 .text.TIM2_PWM_Init
                0x0000000000003aa4       0x7c ./app/rtc_app.o
                0x0000000000003aa4                TIM2_PWM_Init
 .text.GPIO_Init_PWM
                0x0000000000003b20       0x2e ./app/rtc_app.o
                0x0000000000003b20                GPIO_Init_PWM
 .text.GPIO_Init_PWM2
                0x0000000000003b4e       0x3c ./app/rtc_app.o
                0x0000000000003b4e                GPIO_Init_PWM2
 .text.fan      0x0000000000003b8a       0x30 ./app/rtc_app.o
                0x0000000000003b8a                fan
 .text.led      0x0000000000003bba       0x34 ./app/rtc_app.o
                0x0000000000003bba                led
 .text.scheduler_init
                0x0000000000003bee       0x38 ./app/scheduler_app.o
                0x0000000000003bee                scheduler_init
 .text.scheduler_run
                0x0000000000003c26       0x3e ./app/scheduler_app.o
                0x0000000000003c26                scheduler_run
 .text.show_sdcard_info
                0x0000000000003c64       0x9c ./app/sd_app.o
                0x0000000000003c64                show_sdcard_info
 .text.sd_app_init
                0x0000000000003d00      0x228 ./app/sd_app.o
                0x0000000000003d00                sd_app_init
 .text.savePassengerLogToSD
                0x0000000000003f28      0x29a ./app/sd_app.o
                0x0000000000003f28                savePassengerLogToSD
 .text.showreport
                0x00000000000041c2       0x42 ./app/sd_app.o
                0x00000000000041c2                showreport
 .text.NMI_Handler
                0x0000000000004204        0x2 ./User/ch32v30x_it.o
                0x0000000000004204                NMI_Handler
 .text.HardFault_Handler
                0x0000000000004206        0x2 ./User/ch32v30x_it.o
                0x0000000000004206                HardFault_Handler
 .text.createPassenger
                0x0000000000004208       0x26 ./User/data.o
                0x0000000000004208                createPassenger
 .text.processBoarding
                0x000000000000422e       0x9e ./User/data.o
                0x000000000000422e                processBoarding
 .text.processDropoffs
                0x00000000000042cc       0x6a ./User/data.o
                0x00000000000042cc                processDropoffs
 .text.findNextStation
                0x0000000000004336       0x50 ./User/data.o
                0x0000000000004336                findNextStation
 .text.getCurrentPassengerCount
                0x0000000000004386       0x10 ./User/data.o
                0x0000000000004386                getCurrentPassengerCount
 .text.startup.main
                0x0000000000004396       0x4a ./User/main.o
                0x0000000000004396                main
 .text.SDIO_Clock_Set
                0x00000000000043e0       0x10 ./User/sdio.o
                0x00000000000043e0                SDIO_Clock_Set
 .text.SD_GetCardInfo
                0x00000000000043f0      0x2fe ./User/sdio.o
                0x00000000000043f0                SD_GetCardInfo
 .text.CmdError
                0x00000000000046ee       0x2c ./User/sdio.o
                0x00000000000046ee                CmdError
 .text.CmdResp7Error
                0x000000000000471a       0x44 ./User/sdio.o
                0x000000000000471a                CmdResp7Error
 .text.CmdResp1Error
                0x000000000000475e       0x52 ./User/sdio.o
                0x000000000000475e                CmdResp1Error
 .text.SD_SelectDeselect
                0x00000000000047b0       0x34 ./User/sdio.o
                0x00000000000047b0                SD_SelectDeselect
 .text.SD_ProcessIRQSrc
                0x00000000000047e4      0x138 ./User/sdio.o
                0x00000000000047e4                SD_ProcessIRQSrc
 .text.SDIO_IRQHandler
                0x000000000000491c        0x8 ./User/sdio.o
                0x000000000000491c                SDIO_IRQHandler
 .text.CmdResp3Error
                0x0000000000004924       0x30 ./User/sdio.o
                0x0000000000004924                CmdResp3Error
 .text.SD_PowerON
                0x0000000000004954      0x1b8 ./User/sdio.o
                0x0000000000004954                SD_PowerON
 .text.CmdResp2Error
                0x0000000000004b0c       0x4c ./User/sdio.o
                0x0000000000004b0c                CmdResp2Error
 .text.CmdResp6Error
                0x0000000000004b58       0x7c ./User/sdio.o
                0x0000000000004b58                CmdResp6Error
 .text.SD_InitializeCards
                0x0000000000004bd4      0x154 ./User/sdio.o
                0x0000000000004bd4                SD_InitializeCards
 .text.SD_Init  0x0000000000004d28       0xc0 ./User/sdio.o
                0x0000000000004d28                SD_Init
 .text.IsCardProgramming
                0x0000000000004de8       0xa0 ./User/sdio.o
                0x0000000000004de8                IsCardProgramming
 .text.SD_SendStatus
                0x0000000000004e88       0x4e ./User/sdio.o
                0x0000000000004e88                SD_SendStatus
 .text.SD_GetState
                0x0000000000004ed6       0x22 ./User/sdio.o
                0x0000000000004ed6                SD_GetState
 .text.FindSCR  0x0000000000004ef8      0x1da ./User/sdio.o
                0x0000000000004ef8                FindSCR
 .text.SDEnWideBus
                0x00000000000050d2       0x9a ./User/sdio.o
                0x00000000000050d2                SDEnWideBus
 .text.SD_EnableWideBusOperation
                0x000000000000516c       0x52 ./User/sdio.o
                0x000000000000516c                SD_EnableWideBusOperation
 .text.convert_from_bytes_to_power_of_two
                0x00000000000051be       0x16 ./User/sdio.o
                0x00000000000051be                convert_from_bytes_to_power_of_two
 .text.SD_DMA_Config
                0x00000000000051d4       0x76 ./User/sdio.o
                0x00000000000051d4                SD_DMA_Config
 .text.SD_ReadBlock
                0x000000000000524a      0x23a ./User/sdio.o
                0x000000000000524a                SD_ReadBlock
 .text.SD_ReadMultiBlocks
                0x0000000000005484      0x2ce ./User/sdio.o
                0x0000000000005484                SD_ReadMultiBlocks
 .text.SD_WriteBlock
                0x0000000000005752      0x32c ./User/sdio.o
                0x0000000000005752                SD_WriteBlock
 .text.SD_WriteMultiBlocks
                0x0000000000005a7e      0x364 ./User/sdio.o
                0x0000000000005a7e                SD_WriteMultiBlocks
 .text.SD_ReadDisk
                0x0000000000005de2       0x7c ./User/sdio.o
                0x0000000000005de2                SD_ReadDisk
 .text.SD_WriteDisk
                0x0000000000005e5e       0x7a ./User/sdio.o
                0x0000000000005e5e                SD_WriteDisk
 .text.SystemInit
                0x0000000000005ed8       0xfa ./User/system_ch32v30x.o
                0x0000000000005ed8                SystemInit
 .text.SystemCoreClockUpdate
                0x0000000000005fd2      0x12a ./User/system_ch32v30x.o
                0x0000000000005fd2                SystemCoreClockUpdate
 .text.TIM3_Init
                0x00000000000060fc       0x62 ./User/systick.o
                0x00000000000060fc                TIM3_Init
 .text.HAL_GetTick
                0x000000000000615e        0x6 ./User/systick.o
                0x000000000000615e                HAL_GetTick
 .text.TIM3_IRQHandler
                0x0000000000006164       0x30 ./User/systick.o
                0x0000000000006164                TIM3_IRQHandler
 .text.USART1_IRQHandler
                0x0000000000006194       0x54 ./User/uart.o
                0x0000000000006194                USART1_IRQHandler
 .text.Usart2_Init
                0x00000000000061e8       0x92 ./User/uart.o
                0x00000000000061e8                Usart2_Init
 .text.Usart3_Init
                0x000000000000627a       0x94 ./User/uart.o
                0x000000000000627a                Usart3_Init
 .text.USART3_IRQHandler
                0x000000000000630e       0x50 ./User/uart.o
                0x000000000000630e                USART3_IRQHandler
 .text.Uart6_Init
                0x000000000000635e       0x86 ./User/uart.o
                0x000000000000635e                Uart6_Init
 .text.uart6_printf
                0x00000000000063e4       0x62 ./User/uart.o
                0x00000000000063e4                uart6_printf
 .text.UART6_IRQHandler
                0x0000000000006446       0x4e ./User/uart.o
                0x0000000000006446                UART6_IRQHandler
 .text.Uart8_Init
                0x0000000000006494       0x82 ./User/uart.o
                0x0000000000006494                Uart8_Init
 .text.uart8_printf
                0x0000000000006516       0x5a ./User/uart.o
                0x0000000000006516                uart8_printf
 .text.UART8_IRQHandler
                0x0000000000006570       0x44 ./User/uart.o
                0x0000000000006570                UART8_IRQHandler
 .text.string_copy
                0x00000000000065b4       0x1c ./User/uart.o
                0x00000000000065b4                string_copy
 .text.string_chek
                0x00000000000065d0       0x26 ./User/uart.o
                0x00000000000065d0                string_chek
 .text.vector_handler
                0x00000000000065f6        0x2 ./Startup/startup_ch32v30x_D8C.o
                0x00000000000065f6                EXTI2_IRQHandler
                0x00000000000065f6                TIM8_TRG_COM_IRQHandler
                0x00000000000065f6                TIM8_CC_IRQHandler
                0x00000000000065f6                TIM1_CC_IRQHandler
                0x00000000000065f6                TIM6_IRQHandler
                0x00000000000065f6                SysTick_Handler
                0x00000000000065f6                PVD_IRQHandler
                0x00000000000065f6                TIM9_BRK_IRQHandler
                0x00000000000065f6                DMA2_Channel8_IRQHandler
                0x00000000000065f6                CAN2_RX1_IRQHandler
                0x00000000000065f6                EXTI3_IRQHandler
                0x00000000000065f6                USBHS_IRQHandler
                0x00000000000065f6                DMA2_Channel9_IRQHandler
                0x00000000000065f6                TIM10_CC_IRQHandler
                0x00000000000065f6                USBFS_IRQHandler
                0x00000000000065f6                EXTI0_IRQHandler
                0x00000000000065f6                I2C2_EV_IRQHandler
                0x00000000000065f6                TIM10_TRG_COM_IRQHandler
                0x00000000000065f6                CAN2_SCE_IRQHandler
                0x00000000000065f6                ADC1_2_IRQHandler
                0x00000000000065f6                Break_Point_Handler
                0x00000000000065f6                SPI1_IRQHandler
                0x00000000000065f6                TAMPER_IRQHandler
                0x00000000000065f6                CAN2_RX0_IRQHandler
                0x00000000000065f6                TIM8_UP_IRQHandler
                0x00000000000065f6                Ecall_M_Mode_Handler
                0x00000000000065f6                DMA2_Channel2_IRQHandler
                0x00000000000065f6                DMA1_Channel4_IRQHandler
                0x00000000000065f6                TIM9_UP_IRQHandler
                0x00000000000065f6                RTC_IRQHandler
                0x00000000000065f6                DMA1_Channel7_IRQHandler
                0x00000000000065f6                CAN1_RX1_IRQHandler
                0x00000000000065f6                DVP_IRQHandler
                0x00000000000065f6                UART5_IRQHandler
                0x00000000000065f6                TIM4_IRQHandler
                0x00000000000065f6                DMA2_Channel1_IRQHandler
                0x00000000000065f6                I2C1_EV_IRQHandler
                0x00000000000065f6                DMA1_Channel6_IRQHandler
                0x00000000000065f6                UART4_IRQHandler
                0x00000000000065f6                DMA2_Channel4_IRQHandler
                0x00000000000065f6                RCC_IRQHandler
                0x00000000000065f6                TIM1_TRG_COM_IRQHandler
                0x00000000000065f6                DMA1_Channel1_IRQHandler
                0x00000000000065f6                DMA2_Channel7_IRQHandler
                0x00000000000065f6                EXTI15_10_IRQHandler
                0x00000000000065f6                TIM7_IRQHandler
                0x00000000000065f6                CAN2_TX_IRQHandler
                0x00000000000065f6                TIM5_IRQHandler
                0x00000000000065f6                EXTI9_5_IRQHandler
                0x00000000000065f6                ETH_WKUP_IRQHandler
                0x00000000000065f6                SPI2_IRQHandler
                0x00000000000065f6                TIM10_BRK_IRQHandler
                0x00000000000065f6                TIM9_CC_IRQHandler
                0x00000000000065f6                DMA2_Channel5_IRQHandler
                0x00000000000065f6                DMA1_Channel5_IRQHandler
                0x00000000000065f6                EXTI4_IRQHandler
                0x00000000000065f6                USB_LP_CAN1_RX0_IRQHandler
                0x00000000000065f6                RNG_IRQHandler
                0x00000000000065f6                USB_HP_CAN1_TX_IRQHandler
                0x00000000000065f6                DMA1_Channel3_IRQHandler
                0x00000000000065f6                ETH_IRQHandler
                0x00000000000065f6                TIM1_UP_IRQHandler
                0x00000000000065f6                WWDG_IRQHandler
                0x00000000000065f6                USBHSWakeup_IRQHandler
                0x00000000000065f6                DMA2_Channel11_IRQHandler
                0x00000000000065f6                Ecall_U_Mode_Handler
                0x00000000000065f6                DMA2_Channel6_IRQHandler
                0x00000000000065f6                TIM2_IRQHandler
                0x00000000000065f6                SW_Handler
                0x00000000000065f6                TIM1_BRK_IRQHandler
                0x00000000000065f6                DMA2_Channel10_IRQHandler
                0x00000000000065f6                EXTI1_IRQHandler
                0x00000000000065f6                RTCAlarm_IRQHandler
                0x00000000000065f6                TIM10_UP_IRQHandler
                0x00000000000065f6                TIM9_TRG_COM_IRQHandler
                0x00000000000065f6                UART7_IRQHandler
                0x00000000000065f6                I2C2_ER_IRQHandler
                0x00000000000065f6                DMA1_Channel2_IRQHandler
                0x00000000000065f6                TIM8_BRK_IRQHandler
                0x00000000000065f6                CAN1_SCE_IRQHandler
                0x00000000000065f6                FLASH_IRQHandler
                0x00000000000065f6                I2C1_ER_IRQHandler
                0x00000000000065f6                USBWakeUp_IRQHandler
                0x00000000000065f6                DMA2_Channel3_IRQHandler
 .text.handle_reset
                0x00000000000065f8       0x8e ./Startup/startup_ch32v30x_D8C.o
                0x00000000000065f8                handle_reset
 .text.ADC_Init
                0x0000000000006686       0x56 ./Peripheral/src/ch32v30x_adc.o
                0x0000000000006686                ADC_Init
 .text.ADC_Cmd  0x00000000000066dc       0x10 ./Peripheral/src/ch32v30x_adc.o
                0x00000000000066dc                ADC_Cmd
 .text.ADC_RegularChannelConfig
                0x00000000000066ec       0xb8 ./Peripheral/src/ch32v30x_adc.o
                0x00000000000066ec                ADC_RegularChannelConfig
 .text.ADC_GetFlagStatus
                0x00000000000067a4        0xa ./Peripheral/src/ch32v30x_adc.o
                0x00000000000067a4                ADC_GetFlagStatus
 .text.DMA_DeInit
                0x00000000000067ae      0x16c ./Peripheral/src/ch32v30x_dma.o
                0x00000000000067ae                DMA_DeInit
 .text.DMA_Init
                0x000000000000691a       0x38 ./Peripheral/src/ch32v30x_dma.o
                0x000000000000691a                DMA_Init
 .text.DMA_Cmd  0x0000000000006952       0x14 ./Peripheral/src/ch32v30x_dma.o
                0x0000000000006952                DMA_Cmd
 .text.GPIO_Init
                0x0000000000006966       0xc0 ./Peripheral/src/ch32v30x_gpio.o
                0x0000000000006966                GPIO_Init
 .text.GPIO_ReadInputDataBit
                0x0000000000006a26        0xa ./Peripheral/src/ch32v30x_gpio.o
                0x0000000000006a26                GPIO_ReadInputDataBit
 .text.GPIO_SetBits
                0x0000000000006a30        0x4 ./Peripheral/src/ch32v30x_gpio.o
                0x0000000000006a30                GPIO_SetBits
 .text.GPIO_ResetBits
                0x0000000000006a34        0x4 ./Peripheral/src/ch32v30x_gpio.o
                0x0000000000006a34                GPIO_ResetBits
 .text.GPIO_WriteBit
                0x0000000000006a38        0xa ./Peripheral/src/ch32v30x_gpio.o
                0x0000000000006a38                GPIO_WriteBit
 .text.NVIC_PriorityGroupConfig
                0x0000000000006a42        0x6 ./Peripheral/src/ch32v30x_misc.o
                0x0000000000006a42                NVIC_PriorityGroupConfig
 .text.NVIC_Init
                0x0000000000006a48       0x4e ./Peripheral/src/ch32v30x_misc.o
                0x0000000000006a48                NVIC_Init
 .text.RCC_ADCCLKConfig
                0x0000000000006a96       0x12 ./Peripheral/src/ch32v30x_rcc.o
                0x0000000000006a96                RCC_ADCCLKConfig
 .text.RCC_GetClocksFreq
                0x0000000000006aa8      0x176 ./Peripheral/src/ch32v30x_rcc.o
                0x0000000000006aa8                RCC_GetClocksFreq
 .text.RCC_AHBPeriphClockCmd
                0x0000000000006c1e       0x1e ./Peripheral/src/ch32v30x_rcc.o
                0x0000000000006c1e                RCC_AHBPeriphClockCmd
 .text.RCC_APB2PeriphClockCmd
                0x0000000000006c3c       0x1e ./Peripheral/src/ch32v30x_rcc.o
                0x0000000000006c3c                RCC_APB2PeriphClockCmd
 .text.RCC_APB1PeriphClockCmd
                0x0000000000006c5a       0x1e ./Peripheral/src/ch32v30x_rcc.o
                0x0000000000006c5a                RCC_APB1PeriphClockCmd
 .text.SDIO_DeInit
                0x0000000000006c78       0x30 ./Peripheral/src/ch32v30x_sdio.o
                0x0000000000006c78                SDIO_DeInit
 .text.SDIO_Init
                0x0000000000006ca8       0x2a ./Peripheral/src/ch32v30x_sdio.o
                0x0000000000006ca8                SDIO_Init
 .text.SDIO_ClockCmd
                0x0000000000006cd2       0x16 ./Peripheral/src/ch32v30x_sdio.o
                0x0000000000006cd2                SDIO_ClockCmd
 .text.SDIO_SetPowerState
                0x0000000000006ce8       0x12 ./Peripheral/src/ch32v30x_sdio.o
                0x0000000000006ce8                SDIO_SetPowerState
 .text.SDIO_GetPowerState
                0x0000000000006cfa        0xa ./Peripheral/src/ch32v30x_sdio.o
                0x0000000000006cfa                SDIO_GetPowerState
 .text.SDIO_DMACmd
                0x0000000000006d04       0x14 ./Peripheral/src/ch32v30x_sdio.o
                0x0000000000006d04                SDIO_DMACmd
 .text.SDIO_SendCommand
                0x0000000000006d18       0x22 ./Peripheral/src/ch32v30x_sdio.o
                0x0000000000006d18                SDIO_SendCommand
 .text.SDIO_DataConfig
                0x0000000000006d3a       0x26 ./Peripheral/src/ch32v30x_sdio.o
                0x0000000000006d3a                SDIO_DataConfig
 .text.SDIO_ReadData
                0x0000000000006d60        0xa ./Peripheral/src/ch32v30x_sdio.o
                0x0000000000006d60                SDIO_ReadData
 .text.SDIO_WriteData
                0x0000000000006d6a        0xa ./Peripheral/src/ch32v30x_sdio.o
                0x0000000000006d6a                SDIO_WriteData
 .text.SDIO_GetFlagStatus
                0x0000000000006d74        0xe ./Peripheral/src/ch32v30x_sdio.o
                0x0000000000006d74                SDIO_GetFlagStatus
 .text.SDIO_ClearFlag
                0x0000000000006d82        0x8 ./Peripheral/src/ch32v30x_sdio.o
                0x0000000000006d82                SDIO_ClearFlag
 .text.SPI_Init
                0x0000000000006d8a       0x3e ./Peripheral/src/ch32v30x_spi.o
                0x0000000000006d8a                SPI_Init
 .text.SPI_Cmd  0x0000000000006dc8       0x1a ./Peripheral/src/ch32v30x_spi.o
                0x0000000000006dc8                SPI_Cmd
 .text.SPI_I2S_SendData
                0x0000000000006de2        0x4 ./Peripheral/src/ch32v30x_spi.o
                0x0000000000006de2                SPI_I2S_SendData
 .text.SPI_I2S_ReceiveData
                0x0000000000006de6        0x4 ./Peripheral/src/ch32v30x_spi.o
                0x0000000000006de6                SPI_I2S_ReceiveData
 .text.SPI_I2S_GetFlagStatus
                0x0000000000006dea        0xa ./Peripheral/src/ch32v30x_spi.o
                0x0000000000006dea                SPI_I2S_GetFlagStatus
 .text.TIM_TimeBaseInit
                0x0000000000006df4       0xaa ./Peripheral/src/ch32v30x_tim.o
                0x0000000000006df4                TIM_TimeBaseInit
 .text.TIM_OC1Init
                0x0000000000006e9e       0x82 ./Peripheral/src/ch32v30x_tim.o
                0x0000000000006e9e                TIM_OC1Init
 .text.TIM_OC2Init
                0x0000000000006f20       0xae ./Peripheral/src/ch32v30x_tim.o
                0x0000000000006f20                TIM_OC2Init
 .text.TIM_Cmd  0x0000000000006fce       0x18 ./Peripheral/src/ch32v30x_tim.o
                0x0000000000006fce                TIM_Cmd
 .text.TIM_ITConfig
                0x0000000000006fe6       0x12 ./Peripheral/src/ch32v30x_tim.o
                0x0000000000006fe6                TIM_ITConfig
 .text.TIM_ARRPreloadConfig
                0x0000000000006ff8       0x1a ./Peripheral/src/ch32v30x_tim.o
                0x0000000000006ff8                TIM_ARRPreloadConfig
 .text.TIM_OC1PreloadConfig
                0x0000000000007012        0xe ./Peripheral/src/ch32v30x_tim.o
                0x0000000000007012                TIM_OC1PreloadConfig
 .text.TIM_OC2PreloadConfig
                0x0000000000007020       0x16 ./Peripheral/src/ch32v30x_tim.o
                0x0000000000007020                TIM_OC2PreloadConfig
 .text.TIM_GetITStatus
                0x0000000000007036       0x18 ./Peripheral/src/ch32v30x_tim.o
                0x0000000000007036                TIM_GetITStatus
 .text.TIM_ClearITPendingBit
                0x000000000000704e        0xc ./Peripheral/src/ch32v30x_tim.o
                0x000000000000704e                TIM_ClearITPendingBit
 .text.USART_Init
                0x000000000000705a       0x90 ./Peripheral/src/ch32v30x_usart.o
                0x000000000000705a                USART_Init
 .text.USART_Cmd
                0x00000000000070ea       0x16 ./Peripheral/src/ch32v30x_usart.o
                0x00000000000070ea                USART_Cmd
 .text.USART_ITConfig
                0x0000000000007100       0x36 ./Peripheral/src/ch32v30x_usart.o
                0x0000000000007100                USART_ITConfig
 .text.USART_SendData
                0x0000000000007136        0x8 ./Peripheral/src/ch32v30x_usart.o
                0x0000000000007136                USART_SendData
 .text.USART_ReceiveData
                0x000000000000713e        0x8 ./Peripheral/src/ch32v30x_usart.o
                0x000000000000713e                USART_ReceiveData
 .text.USART_GetFlagStatus
                0x0000000000007146        0xa ./Peripheral/src/ch32v30x_usart.o
                0x0000000000007146                USART_GetFlagStatus
 .text.USART_ClearFlag
                0x0000000000007150        0xc ./Peripheral/src/ch32v30x_usart.o
                0x0000000000007150                USART_ClearFlag
 .text.USART_GetITStatus
                0x000000000000715c       0x3c ./Peripheral/src/ch32v30x_usart.o
                0x000000000000715c                USART_GetITStatus
 .text.USART_ClearITPendingBit
                0x0000000000007198       0x14 ./Peripheral/src/ch32v30x_usart.o
                0x0000000000007198                USART_ClearITPendingBit
 .text.Delay_Init
                0x00000000000071ac       0x26 ./Debug/debug.o
                0x00000000000071ac                Delay_Init
 .text.Delay_Us
                0x00000000000071d2       0x36 ./Debug/debug.o
                0x00000000000071d2                Delay_Us
 .text.Delay_Ms
                0x0000000000007208       0x36 ./Debug/debug.o
                0x0000000000007208                Delay_Ms
 .text.USART_Printf_Init
                0x000000000000723e       0x7c ./Debug/debug.o
                0x000000000000723e                USART_Printf_Init
 .text._write   0x00000000000072ba       0x3e ./Debug/debug.o
                0x00000000000072ba                _write
 .text._sbrk    0x00000000000072f8       0x2a ./Debug/debug.o
                0x00000000000072f8                _sbrk
 .text.__adddf3
                0x0000000000007322      0x730 d:/3/mounriver_studio/toolchain/risc-v embedded gcc/bin/../lib/gcc/riscv-none-embed/8.2.0/rv32imacxw/ilp32\libgcc.a(adddf3.o)
                0x0000000000007322                __adddf3
 .text.__divdf3
                0x0000000000007a52      0x5b4 d:/3/mounriver_studio/toolchain/risc-v embedded gcc/bin/../lib/gcc/riscv-none-embed/8.2.0/rv32imacxw/ilp32\libgcc.a(divdf3.o)
                0x0000000000007a52                __divdf3
 .text.__muldf3
                0x0000000000008006      0x4b8 d:/3/mounriver_studio/toolchain/risc-v embedded gcc/bin/../lib/gcc/riscv-none-embed/8.2.0/rv32imacxw/ilp32\libgcc.a(muldf3.o)
                0x0000000000008006                __muldf3
 .text.__subdf3
                0x00000000000084be      0x73e d:/3/mounriver_studio/toolchain/risc-v embedded gcc/bin/../lib/gcc/riscv-none-embed/8.2.0/rv32imacxw/ilp32\libgcc.a(subdf3.o)
                0x00000000000084be                __subdf3
 .text.__fixunsdfsi
                0x0000000000008bfc       0x5c d:/3/mounriver_studio/toolchain/risc-v embedded gcc/bin/../lib/gcc/riscv-none-embed/8.2.0/rv32imacxw/ilp32\libgcc.a(fixunsdfsi.o)
                0x0000000000008bfc                __fixunsdfsi
 .text.__addsf3
                0x0000000000008c58      0x36a d:/3/mounriver_studio/toolchain/risc-v embedded gcc/bin/../lib/gcc/riscv-none-embed/8.2.0/rv32imacxw/ilp32\libgcc.a(addsf3.o)
                0x0000000000008c58                __addsf3
 .text.__divsf3
                0x0000000000008fc2      0x2b2 d:/3/mounriver_studio/toolchain/risc-v embedded gcc/bin/../lib/gcc/riscv-none-embed/8.2.0/rv32imacxw/ilp32\libgcc.a(divsf3.o)
                0x0000000000008fc2                __divsf3
 .text.__mulsf3
                0x0000000000009274      0x294 d:/3/mounriver_studio/toolchain/risc-v embedded gcc/bin/../lib/gcc/riscv-none-embed/8.2.0/rv32imacxw/ilp32\libgcc.a(mulsf3.o)
                0x0000000000009274                __mulsf3
 .text.__subsf3
                0x0000000000009508      0x388 d:/3/mounriver_studio/toolchain/risc-v embedded gcc/bin/../lib/gcc/riscv-none-embed/8.2.0/rv32imacxw/ilp32\libgcc.a(subsf3.o)
                0x0000000000009508                __subsf3
 .text.__fixsfsi
                0x0000000000009890       0x62 d:/3/mounriver_studio/toolchain/risc-v embedded gcc/bin/../lib/gcc/riscv-none-embed/8.2.0/rv32imacxw/ilp32\libgcc.a(fixsfsi.o)
                0x0000000000009890                __fixsfsi
 .text.__fixunssfsi
                0x00000000000098f2       0x56 d:/3/mounriver_studio/toolchain/risc-v embedded gcc/bin/../lib/gcc/riscv-none-embed/8.2.0/rv32imacxw/ilp32\libgcc.a(fixunssfsi.o)
                0x00000000000098f2                __fixunssfsi
 .text.__floatsisf
                0x0000000000009948       0xc6 d:/3/mounriver_studio/toolchain/risc-v embedded gcc/bin/../lib/gcc/riscv-none-embed/8.2.0/rv32imacxw/ilp32\libgcc.a(floatsisf.o)
                0x0000000000009948                __floatsisf
 .text.__floatunsisf
                0x0000000000009a0e       0xce d:/3/mounriver_studio/toolchain/risc-v embedded gcc/bin/../lib/gcc/riscv-none-embed/8.2.0/rv32imacxw/ilp32\libgcc.a(floatunsisf.o)
                0x0000000000009a0e                __floatunsisf
 .text.__extendsfdf2
                0x0000000000009adc       0xac d:/3/mounriver_studio/toolchain/risc-v embedded gcc/bin/../lib/gcc/riscv-none-embed/8.2.0/rv32imacxw/ilp32\libgcc.a(extendsfdf2.o)
                0x0000000000009adc                __extendsfdf2
 .text.__truncdfsf2
                0x0000000000009b88      0x16a d:/3/mounriver_studio/toolchain/risc-v embedded gcc/bin/../lib/gcc/riscv-none-embed/8.2.0/rv32imacxw/ilp32\libgcc.a(truncdfsf2.o)
                0x0000000000009b88                __truncdfsf2
 .text.__clzsi2
                0x0000000000009cf2       0x6e d:/3/mounriver_studio/toolchain/risc-v embedded gcc/bin/../lib/gcc/riscv-none-embed/8.2.0/rv32imacxw/ilp32\libgcc.a(_clzsi2.o)
                0x0000000000009cf2                __clzsi2
 .text.__sflush_r
                0x0000000000009d60      0x130 d:/3/mounriver_studio/toolchain/risc-v embedded gcc/bin/../lib/gcc/riscv-none-embed/8.2.0/../../../../riscv-none-embed/lib/rv32imacxw/ilp32\libg_nano.a(lib_a-fflush.o)
                0x0000000000009d60                __sflush_r
 .text._fflush_r
                0x0000000000009e90       0x66 d:/3/mounriver_studio/toolchain/risc-v embedded gcc/bin/../lib/gcc/riscv-none-embed/8.2.0/../../../../riscv-none-embed/lib/rv32imacxw/ilp32\libg_nano.a(lib_a-fflush.o)
                0x0000000000009e90                _fflush_r
 .text.fflush   0x0000000000009ef6       0x1e d:/3/mounriver_studio/toolchain/risc-v embedded gcc/bin/../lib/gcc/riscv-none-embed/8.2.0/../../../../riscv-none-embed/lib/rv32imacxw/ilp32\libg_nano.a(lib_a-fflush.o)
                0x0000000000009ef6                fflush
 .text.std      0x0000000000009f14       0x66 d:/3/mounriver_studio/toolchain/risc-v embedded gcc/bin/../lib/gcc/riscv-none-embed/8.2.0/../../../../riscv-none-embed/lib/rv32imacxw/ilp32\libg_nano.a(lib_a-findfp.o)
 .text._cleanup_r
                0x0000000000009f7a        0xa d:/3/mounriver_studio/toolchain/risc-v embedded gcc/bin/../lib/gcc/riscv-none-embed/8.2.0/../../../../riscv-none-embed/lib/rv32imacxw/ilp32\libg_nano.a(lib_a-findfp.o)
                0x0000000000009f7a                _cleanup_r
 .text.__sfmoreglue
                0x0000000000009f84       0x46 d:/3/mounriver_studio/toolchain/risc-v embedded gcc/bin/../lib/gcc/riscv-none-embed/8.2.0/../../../../riscv-none-embed/lib/rv32imacxw/ilp32\libg_nano.a(lib_a-findfp.o)
                0x0000000000009f84                __sfmoreglue
 .text.__sinit  0x0000000000009fca       0x6c d:/3/mounriver_studio/toolchain/risc-v embedded gcc/bin/../lib/gcc/riscv-none-embed/8.2.0/../../../../riscv-none-embed/lib/rv32imacxw/ilp32\libg_nano.a(lib_a-findfp.o)
                0x0000000000009fca                __sinit
 .text.__sfp    0x000000000000a036       0xa0 d:/3/mounriver_studio/toolchain/risc-v embedded gcc/bin/../lib/gcc/riscv-none-embed/8.2.0/../../../../riscv-none-embed/lib/rv32imacxw/ilp32\libg_nano.a(lib_a-findfp.o)
                0x000000000000a036                __sfp
 .text._fwalk_reent
                0x000000000000a0d6       0x6a d:/3/mounriver_studio/toolchain/risc-v embedded gcc/bin/../lib/gcc/riscv-none-embed/8.2.0/../../../../riscv-none-embed/lib/rv32imacxw/ilp32\libg_nano.a(lib_a-fwalk.o)
                0x000000000000a0d6                _fwalk_reent
 .text.malloc   0x000000000000a140        0xa d:/3/mounriver_studio/toolchain/risc-v embedded gcc/bin/../lib/gcc/riscv-none-embed/8.2.0/../../../../riscv-none-embed/lib/rv32imacxw/ilp32\libg_nano.a(lib_a-malloc.o)
                0x000000000000a140                malloc
 .text.free     0x000000000000a14a        0xa d:/3/mounriver_studio/toolchain/risc-v embedded gcc/bin/../lib/gcc/riscv-none-embed/8.2.0/../../../../riscv-none-embed/lib/rv32imacxw/ilp32\libg_nano.a(lib_a-malloc.o)
                0x000000000000a14a                free
 .text.memcmp   0x000000000000a154       0x24 d:/3/mounriver_studio/toolchain/risc-v embedded gcc/bin/../lib/gcc/riscv-none-embed/8.2.0/../../../../riscv-none-embed/lib/rv32imacxw/ilp32\libg_nano.a(lib_a-memcmp.o)
                0x000000000000a154                memcmp
 .text.memcpy   0x000000000000a178       0xb2 d:/3/mounriver_studio/toolchain/risc-v embedded gcc/bin/../lib/gcc/riscv-none-embed/8.2.0/../../../../riscv-none-embed/lib/rv32imacxw/ilp32\libg_nano.a(lib_a-memcpy.o)
                0x000000000000a178                memcpy
 .text._free_r  0x000000000000a22a       0xa8 d:/3/mounriver_studio/toolchain/risc-v embedded gcc/bin/../lib/gcc/riscv-none-embed/8.2.0/../../../../riscv-none-embed/lib/rv32imacxw/ilp32\libg_nano.a(lib_a-nano-freer.o)
                0x000000000000a22a                _free_r
 .text._malloc_r
                0x000000000000a2d2       0xda d:/3/mounriver_studio/toolchain/risc-v embedded gcc/bin/../lib/gcc/riscv-none-embed/8.2.0/../../../../riscv-none-embed/lib/rv32imacxw/ilp32\libg_nano.a(lib_a-nano-mallocr.o)
                0x000000000000a2d2                _malloc_r
 .text.__cvt    0x000000000000a3ac       0xea d:/3/mounriver_studio/toolchain/risc-v embedded gcc/bin/../lib/gcc/riscv-none-embed/8.2.0/../../../../riscv-none-embed/lib/rv32imacxw/ilp32\libg_nano.a(lib_a-nano-vfprintf_float.o)
                0x000000000000a3ac                __cvt
 .text.__exponent
                0x000000000000a496       0x84 d:/3/mounriver_studio/toolchain/risc-v embedded gcc/bin/../lib/gcc/riscv-none-embed/8.2.0/../../../../riscv-none-embed/lib/rv32imacxw/ilp32\libg_nano.a(lib_a-nano-vfprintf_float.o)
                0x000000000000a496                __exponent
 .text._printf_float
                0x000000000000a51a      0x4c4 d:/3/mounriver_studio/toolchain/risc-v embedded gcc/bin/../lib/gcc/riscv-none-embed/8.2.0/../../../../riscv-none-embed/lib/rv32imacxw/ilp32\libg_nano.a(lib_a-nano-vfprintf_float.o)
                0x000000000000a51a                _printf_float
 .text._printf_common
                0x000000000000a9de      0x10c d:/3/mounriver_studio/toolchain/risc-v embedded gcc/bin/../lib/gcc/riscv-none-embed/8.2.0/../../../../riscv-none-embed/lib/rv32imacxw/ilp32\libg_nano.a(lib_a-nano-vfprintf_i.o)
                0x000000000000a9de                _printf_common
 .text._printf_i
                0x000000000000aaea      0x2a4 d:/3/mounriver_studio/toolchain/risc-v embedded gcc/bin/../lib/gcc/riscv-none-embed/8.2.0/../../../../riscv-none-embed/lib/rv32imacxw/ilp32\libg_nano.a(lib_a-nano-vfprintf_i.o)
                0x000000000000aaea                _printf_i
 .text._scanf_float
                0x000000000000ad8e      0x46c d:/3/mounriver_studio/toolchain/risc-v embedded gcc/bin/../lib/gcc/riscv-none-embed/8.2.0/../../../../riscv-none-embed/lib/rv32imacxw/ilp32\libg_nano.a(lib_a-nano-vfscanf_float.o)
                0x000000000000ad8e                _scanf_float
 .text.printf   0x000000000000b1fa       0x42 d:/3/mounriver_studio/toolchain/risc-v embedded gcc/bin/../lib/gcc/riscv-none-embed/8.2.0/../../../../riscv-none-embed/lib/rv32imacxw/ilp32\libg_nano.a(lib_a-printf.o)
                0x000000000000b1fa                iprintf
                0x000000000000b1fa                printf
 .text._puts_r  0x000000000000b23c       0xde d:/3/mounriver_studio/toolchain/risc-v embedded gcc/bin/../lib/gcc/riscv-none-embed/8.2.0/../../../../riscv-none-embed/lib/rv32imacxw/ilp32\libg_nano.a(lib_a-puts.o)
                0x000000000000b23c                _puts_r
 .text.puts     0x000000000000b31a        0xc d:/3/mounriver_studio/toolchain/risc-v embedded gcc/bin/../lib/gcc/riscv-none-embed/8.2.0/../../../../riscv-none-embed/lib/rv32imacxw/ilp32\libg_nano.a(lib_a-puts.o)
                0x000000000000b31a                puts
 .text._sbrk_r  0x000000000000b326       0x32 d:/3/mounriver_studio/toolchain/risc-v embedded gcc/bin/../lib/gcc/riscv-none-embed/8.2.0/../../../../riscv-none-embed/lib/rv32imacxw/ilp32\libg_nano.a(lib_a-sbrkr.o)
                0x000000000000b326                _sbrk_r
 .text.nanf     0x000000000000b358        0xc d:/3/mounriver_studio/toolchain/risc-v embedded gcc/bin/../lib/gcc/riscv-none-embed/8.2.0/../../../../riscv-none-embed/lib/rv32imacxw/ilp32\libg_nano.a(lib_a-sf_nan.o)
                0x000000000000b358                nanf
 .text.snprintf
                0x000000000000b364       0x6c d:/3/mounriver_studio/toolchain/risc-v embedded gcc/bin/../lib/gcc/riscv-none-embed/8.2.0/../../../../riscv-none-embed/lib/rv32imacxw/ilp32\libg_nano.a(lib_a-snprintf.o)
                0x000000000000b364                sniprintf
                0x000000000000b364                snprintf
 .text.sprintf  0x000000000000b3d0       0x46 d:/3/mounriver_studio/toolchain/risc-v embedded gcc/bin/../lib/gcc/riscv-none-embed/8.2.0/../../../../riscv-none-embed/lib/rv32imacxw/ilp32\libg_nano.a(lib_a-sprintf.o)
                0x000000000000b3d0                siprintf
                0x000000000000b3d0                sprintf
 .text.sscanf   0x000000000000b416       0x52 d:/3/mounriver_studio/toolchain/risc-v embedded gcc/bin/../lib/gcc/riscv-none-embed/8.2.0/../../../../riscv-none-embed/lib/rv32imacxw/ilp32\libg_nano.a(lib_a-sscanf.o)
                0x000000000000b416                siscanf
                0x000000000000b416                sscanf
 .text.__sread  0x000000000000b468       0x2e d:/3/mounriver_studio/toolchain/risc-v embedded gcc/bin/../lib/gcc/riscv-none-embed/8.2.0/../../../../riscv-none-embed/lib/rv32imacxw/ilp32\libg_nano.a(lib_a-stdio.o)
                0x000000000000b468                __sread
 .text.__seofread
                0x000000000000b496        0x4 d:/3/mounriver_studio/toolchain/risc-v embedded gcc/bin/../lib/gcc/riscv-none-embed/8.2.0/../../../../riscv-none-embed/lib/rv32imacxw/ilp32\libg_nano.a(lib_a-stdio.o)
                0x000000000000b496                __seofread
 .text.__swrite
                0x000000000000b49a       0x4c d:/3/mounriver_studio/toolchain/risc-v embedded gcc/bin/../lib/gcc/riscv-none-embed/8.2.0/../../../../riscv-none-embed/lib/rv32imacxw/ilp32\libg_nano.a(lib_a-stdio.o)
                0x000000000000b49a                __swrite
 .text.__sseek  0x000000000000b4e6       0x32 d:/3/mounriver_studio/toolchain/risc-v embedded gcc/bin/../lib/gcc/riscv-none-embed/8.2.0/../../../../riscv-none-embed/lib/rv32imacxw/ilp32\libg_nano.a(lib_a-stdio.o)
                0x000000000000b4e6                __sseek
 .text.__sclose
                0x000000000000b518        0x8 d:/3/mounriver_studio/toolchain/risc-v embedded gcc/bin/../lib/gcc/riscv-none-embed/8.2.0/../../../../riscv-none-embed/lib/rv32imacxw/ilp32\libg_nano.a(lib_a-stdio.o)
                0x000000000000b518                __sclose
 .text.strchr   0x000000000000b520       0x18 d:/3/mounriver_studio/toolchain/risc-v embedded gcc/bin/../lib/gcc/riscv-none-embed/8.2.0/../../../../riscv-none-embed/lib/rv32imacxw/ilp32\libg_nano.a(lib_a-strchr.o)
                0x000000000000b520                strchr
 .text.strcpy   0x000000000000b538       0x10 d:/3/mounriver_studio/toolchain/risc-v embedded gcc/bin/../lib/gcc/riscv-none-embed/8.2.0/../../../../riscv-none-embed/lib/rv32imacxw/ilp32\libg_nano.a(lib_a-strcpy.o)
                0x000000000000b538                strcpy
 .text.strlen   0x000000000000b548       0x12 d:/3/mounriver_studio/toolchain/risc-v embedded gcc/bin/../lib/gcc/riscv-none-embed/8.2.0/../../../../riscv-none-embed/lib/rv32imacxw/ilp32\libg_nano.a(lib_a-strlen.o)
                0x000000000000b548                strlen
 .text.strrchr  0x000000000000b55a       0x32 d:/3/mounriver_studio/toolchain/risc-v embedded gcc/bin/../lib/gcc/riscv-none-embed/8.2.0/../../../../riscv-none-embed/lib/rv32imacxw/ilp32\libg_nano.a(lib_a-strrchr.o)
                0x000000000000b55a                strrchr
 .text.strstr   0x000000000000b58c       0x34 d:/3/mounriver_studio/toolchain/risc-v embedded gcc/bin/../lib/gcc/riscv-none-embed/8.2.0/../../../../riscv-none-embed/lib/rv32imacxw/ilp32\libg_nano.a(lib_a-strstr.o)
                0x000000000000b58c                strstr
 .text.sulp     0x000000000000b5c0       0x4e d:/3/mounriver_studio/toolchain/risc-v embedded gcc/bin/../lib/gcc/riscv-none-embed/8.2.0/../../../../riscv-none-embed/lib/rv32imacxw/ilp32\libg_nano.a(lib_a-strtod.o)
 .text._strtod_l
                0x000000000000b60e      0xc6c d:/3/mounriver_studio/toolchain/risc-v embedded gcc/bin/../lib/gcc/riscv-none-embed/8.2.0/../../../../riscv-none-embed/lib/rv32imacxw/ilp32\libg_nano.a(lib_a-strtod.o)
                0x000000000000b60e                _strtod_l
 .text._strtod_r
                0x000000000000c27a       0x16 d:/3/mounriver_studio/toolchain/risc-v embedded gcc/bin/../lib/gcc/riscv-none-embed/8.2.0/../../../../riscv-none-embed/lib/rv32imacxw/ilp32\libg_nano.a(lib_a-strtod.o)
                0x000000000000c27a                _strtod_r
 .text.strtod   0x000000000000c290       0x1c d:/3/mounriver_studio/toolchain/risc-v embedded gcc/bin/../lib/gcc/riscv-none-embed/8.2.0/../../../../riscv-none-embed/lib/rv32imacxw/ilp32\libg_nano.a(lib_a-strtod.o)
                0x000000000000c290                strtod
 .text._strtol_l.isra.0
                0x000000000000c2ac      0x13a d:/3/mounriver_studio/toolchain/risc-v embedded gcc/bin/../lib/gcc/riscv-none-embed/8.2.0/../../../../riscv-none-embed/lib/rv32imacxw/ilp32\libg_nano.a(lib_a-strtol.o)
 .text._strtol_r
                0x000000000000c3e6       0x16 d:/3/mounriver_studio/toolchain/risc-v embedded gcc/bin/../lib/gcc/riscv-none-embed/8.2.0/../../../../riscv-none-embed/lib/rv32imacxw/ilp32\libg_nano.a(lib_a-strtol.o)
                0x000000000000c3e6                _strtol_r
 .text._vsnprintf_r
                0x000000000000c3fc       0x5c d:/3/mounriver_studio/toolchain/risc-v embedded gcc/bin/../lib/gcc/riscv-none-embed/8.2.0/../../../../riscv-none-embed/lib/rv32imacxw/ilp32\libg_nano.a(lib_a-vsnprintf.o)
                0x000000000000c3fc                _vsniprintf_r
                0x000000000000c3fc                _vsnprintf_r
 .text.vsnprintf
                0x000000000000c458       0x12 d:/3/mounriver_studio/toolchain/risc-v embedded gcc/bin/../lib/gcc/riscv-none-embed/8.2.0/../../../../riscv-none-embed/lib/rv32imacxw/ilp32\libg_nano.a(lib_a-vsnprintf.o)
                0x000000000000c458                vsniprintf
                0x000000000000c458                vsnprintf
 .text.__swbuf_r
                0x000000000000c46a       0xc2 d:/3/mounriver_studio/toolchain/risc-v embedded gcc/bin/../lib/gcc/riscv-none-embed/8.2.0/../../../../riscv-none-embed/lib/rv32imacxw/ilp32\libg_nano.a(lib_a-wbuf.o)
                0x000000000000c46a                __swbuf_r
 .text._write_r
                0x000000000000c52c       0x36 d:/3/mounriver_studio/toolchain/risc-v embedded gcc/bin/../lib/gcc/riscv-none-embed/8.2.0/../../../../riscv-none-embed/lib/rv32imacxw/ilp32\libg_nano.a(lib_a-writer.o)
                0x000000000000c52c                _write_r
 .text.__swsetup_r
                0x000000000000c562      0x102 d:/3/mounriver_studio/toolchain/risc-v embedded gcc/bin/../lib/gcc/riscv-none-embed/8.2.0/../../../../riscv-none-embed/lib/rv32imacxw/ilp32\libg_nano.a(lib_a-wsetup.o)
                0x000000000000c562                __swsetup_r
 .text._close_r
                0x000000000000c664       0x32 d:/3/mounriver_studio/toolchain/risc-v embedded gcc/bin/../lib/gcc/riscv-none-embed/8.2.0/../../../../riscv-none-embed/lib/rv32imacxw/ilp32\libg_nano.a(lib_a-closer.o)
                0x000000000000c664                _close_r
 .text.quorem   0x000000000000c696      0x13a d:/3/mounriver_studio/toolchain/risc-v embedded gcc/bin/../lib/gcc/riscv-none-embed/8.2.0/../../../../riscv-none-embed/lib/rv32imacxw/ilp32\libg_nano.a(lib_a-dtoa.o)
 .text._dtoa_r  0x000000000000c7d0      0xc16 d:/3/mounriver_studio/toolchain/risc-v embedded gcc/bin/../lib/gcc/riscv-none-embed/8.2.0/../../../../riscv-none-embed/lib/rv32imacxw/ilp32\libg_nano.a(lib_a-dtoa.o)
                0x000000000000c7d0                _dtoa_r
 .text.rshift   0x000000000000d3e6       0x76 d:/3/mounriver_studio/toolchain/risc-v embedded gcc/bin/../lib/gcc/riscv-none-embed/8.2.0/../../../../riscv-none-embed/lib/rv32imacxw/ilp32\libg_nano.a(lib_a-gdtoa-gethex.o)
 .text.__hexdig_fun
                0x000000000000d45c       0x40 d:/3/mounriver_studio/toolchain/risc-v embedded gcc/bin/../lib/gcc/riscv-none-embed/8.2.0/../../../../riscv-none-embed/lib/rv32imacxw/ilp32\libg_nano.a(lib_a-gdtoa-gethex.o)
                0x000000000000d45c                __hexdig_fun
 .text.__gethex
                0x000000000000d49c      0x4cc d:/3/mounriver_studio/toolchain/risc-v embedded gcc/bin/../lib/gcc/riscv-none-embed/8.2.0/../../../../riscv-none-embed/lib/rv32imacxw/ilp32\libg_nano.a(lib_a-gdtoa-gethex.o)
                0x000000000000d49c                __gethex
 .text.L_shift  0x000000000000d968       0x2c d:/3/mounriver_studio/toolchain/risc-v embedded gcc/bin/../lib/gcc/riscv-none-embed/8.2.0/../../../../riscv-none-embed/lib/rv32imacxw/ilp32\libg_nano.a(lib_a-gdtoa-hexnan.o)
 .text.__match  0x000000000000d994       0x2e d:/3/mounriver_studio/toolchain/risc-v embedded gcc/bin/../lib/gcc/riscv-none-embed/8.2.0/../../../../riscv-none-embed/lib/rv32imacxw/ilp32\libg_nano.a(lib_a-gdtoa-hexnan.o)
                0x000000000000d994                __match
 .text.__hexnan
                0x000000000000d9c2      0x15e d:/3/mounriver_studio/toolchain/risc-v embedded gcc/bin/../lib/gcc/riscv-none-embed/8.2.0/../../../../riscv-none-embed/lib/rv32imacxw/ilp32\libg_nano.a(lib_a-gdtoa-hexnan.o)
                0x000000000000d9c2                __hexnan
 .text.__locale_ctype_ptr_l
                0x000000000000db20        0x6 d:/3/mounriver_studio/toolchain/risc-v embedded gcc/bin/../lib/gcc/riscv-none-embed/8.2.0/../../../../riscv-none-embed/lib/rv32imacxw/ilp32\libg_nano.a(lib_a-locale.o)
                0x000000000000db20                __locale_ctype_ptr_l
 .text.__locale_ctype_ptr
                0x000000000000db26       0x18 d:/3/mounriver_studio/toolchain/risc-v embedded gcc/bin/../lib/gcc/riscv-none-embed/8.2.0/../../../../riscv-none-embed/lib/rv32imacxw/ilp32\libg_nano.a(lib_a-locale.o)
                0x000000000000db26                __locale_ctype_ptr
 .text.__localeconv_l
                0x000000000000db3e        0x6 d:/3/mounriver_studio/toolchain/risc-v embedded gcc/bin/../lib/gcc/riscv-none-embed/8.2.0/../../../../riscv-none-embed/lib/rv32imacxw/ilp32\libg_nano.a(lib_a-localeconv.o)
                0x000000000000db3e                __localeconv_l
 .text._localeconv_r
                0x000000000000db44       0x18 d:/3/mounriver_studio/toolchain/risc-v embedded gcc/bin/../lib/gcc/riscv-none-embed/8.2.0/../../../../riscv-none-embed/lib/rv32imacxw/ilp32\libg_nano.a(lib_a-localeconv.o)
                0x000000000000db44                _localeconv_r
 .text._lseek_r
                0x000000000000db5c       0x36 d:/3/mounriver_studio/toolchain/risc-v embedded gcc/bin/../lib/gcc/riscv-none-embed/8.2.0/../../../../riscv-none-embed/lib/rv32imacxw/ilp32\libg_nano.a(lib_a-lseekr.o)
                0x000000000000db5c                _lseek_r
 .text.__swhatbuf_r
                0x000000000000db92       0x58 d:/3/mounriver_studio/toolchain/risc-v embedded gcc/bin/../lib/gcc/riscv-none-embed/8.2.0/../../../../riscv-none-embed/lib/rv32imacxw/ilp32\libg_nano.a(lib_a-makebuf.o)
                0x000000000000db92                __swhatbuf_r
 .text.__smakebuf_r
                0x000000000000dbea       0x94 d:/3/mounriver_studio/toolchain/risc-v embedded gcc/bin/../lib/gcc/riscv-none-embed/8.2.0/../../../../riscv-none-embed/lib/rv32imacxw/ilp32\libg_nano.a(lib_a-makebuf.o)
                0x000000000000dbea                __smakebuf_r
 .text.__ascii_mbtowc
                0x000000000000dc7e       0x32 d:/3/mounriver_studio/toolchain/risc-v embedded gcc/bin/../lib/gcc/riscv-none-embed/8.2.0/../../../../riscv-none-embed/lib/rv32imacxw/ilp32\libg_nano.a(lib_a-mbtowc_r.o)
                0x000000000000dc7e                __ascii_mbtowc
 .text.memchr   0x000000000000dcb0       0x18 d:/3/mounriver_studio/toolchain/risc-v embedded gcc/bin/../lib/gcc/riscv-none-embed/8.2.0/../../../../riscv-none-embed/lib/rv32imacxw/ilp32\libg_nano.a(lib_a-memchr.o)
                0x000000000000dcb0                memchr
 .text.__malloc_lock
                0x000000000000dcc8        0x2 d:/3/mounriver_studio/toolchain/risc-v embedded gcc/bin/../lib/gcc/riscv-none-embed/8.2.0/../../../../riscv-none-embed/lib/rv32imacxw/ilp32\libg_nano.a(lib_a-mlock.o)
                0x000000000000dcc8                __malloc_lock
 .text.__malloc_unlock
                0x000000000000dcca        0x2 d:/3/mounriver_studio/toolchain/risc-v embedded gcc/bin/../lib/gcc/riscv-none-embed/8.2.0/../../../../riscv-none-embed/lib/rv32imacxw/ilp32\libg_nano.a(lib_a-mlock.o)
                0x000000000000dcca                __malloc_unlock
 .text._Balloc  0x000000000000dccc       0x8c d:/3/mounriver_studio/toolchain/risc-v embedded gcc/bin/../lib/gcc/riscv-none-embed/8.2.0/../../../../riscv-none-embed/lib/rv32imacxw/ilp32\libg_nano.a(lib_a-mprec.o)
                0x000000000000dccc                _Balloc
 .text._Bfree   0x000000000000dd58       0x44 d:/3/mounriver_studio/toolchain/risc-v embedded gcc/bin/../lib/gcc/riscv-none-embed/8.2.0/../../../../riscv-none-embed/lib/rv32imacxw/ilp32\libg_nano.a(lib_a-mprec.o)
                0x000000000000dd58                _Bfree
 .text.__multadd
                0x000000000000dd9c       0x98 d:/3/mounriver_studio/toolchain/risc-v embedded gcc/bin/../lib/gcc/riscv-none-embed/8.2.0/../../../../riscv-none-embed/lib/rv32imacxw/ilp32\libg_nano.a(lib_a-mprec.o)
                0x000000000000dd9c                __multadd
 .text.__s2b    0x000000000000de34       0xa4 d:/3/mounriver_studio/toolchain/risc-v embedded gcc/bin/../lib/gcc/riscv-none-embed/8.2.0/../../../../riscv-none-embed/lib/rv32imacxw/ilp32\libg_nano.a(lib_a-mprec.o)
                0x000000000000de34                __s2b
 .text.__hi0bits
                0x000000000000ded8       0x46 d:/3/mounriver_studio/toolchain/risc-v embedded gcc/bin/../lib/gcc/riscv-none-embed/8.2.0/../../../../riscv-none-embed/lib/rv32imacxw/ilp32\libg_nano.a(lib_a-mprec.o)
                0x000000000000ded8                __hi0bits
 .text.__lo0bits
                0x000000000000df1e       0x6a d:/3/mounriver_studio/toolchain/risc-v embedded gcc/bin/../lib/gcc/riscv-none-embed/8.2.0/../../../../riscv-none-embed/lib/rv32imacxw/ilp32\libg_nano.a(lib_a-mprec.o)
                0x000000000000df1e                __lo0bits
 .text.__i2b    0x000000000000df88       0x1c d:/3/mounriver_studio/toolchain/risc-v embedded gcc/bin/../lib/gcc/riscv-none-embed/8.2.0/../../../../riscv-none-embed/lib/rv32imacxw/ilp32\libg_nano.a(lib_a-mprec.o)
                0x000000000000df88                __i2b
 .text.__multiply
                0x000000000000dfa4      0x144 d:/3/mounriver_studio/toolchain/risc-v embedded gcc/bin/../lib/gcc/riscv-none-embed/8.2.0/../../../../riscv-none-embed/lib/rv32imacxw/ilp32\libg_nano.a(lib_a-mprec.o)
                0x000000000000dfa4                __multiply
 .text.__pow5mult
                0x000000000000e0e8       0xbe d:/3/mounriver_studio/toolchain/risc-v embedded gcc/bin/../lib/gcc/riscv-none-embed/8.2.0/../../../../riscv-none-embed/lib/rv32imacxw/ilp32\libg_nano.a(lib_a-mprec.o)
                0x000000000000e0e8                __pow5mult
 .text.__lshift
                0x000000000000e1a6       0xce d:/3/mounriver_studio/toolchain/risc-v embedded gcc/bin/../lib/gcc/riscv-none-embed/8.2.0/../../../../riscv-none-embed/lib/rv32imacxw/ilp32\libg_nano.a(lib_a-mprec.o)
                0x000000000000e1a6                __lshift
 .text.__mcmp   0x000000000000e274       0x32 d:/3/mounriver_studio/toolchain/risc-v embedded gcc/bin/../lib/gcc/riscv-none-embed/8.2.0/../../../../riscv-none-embed/lib/rv32imacxw/ilp32\libg_nano.a(lib_a-mprec.o)
                0x000000000000e274                __mcmp
 .text.__mdiff  0x000000000000e2a6       0xf2 d:/3/mounriver_studio/toolchain/risc-v embedded gcc/bin/../lib/gcc/riscv-none-embed/8.2.0/../../../../riscv-none-embed/lib/rv32imacxw/ilp32\libg_nano.a(lib_a-mprec.o)
                0x000000000000e2a6                __mdiff
 .text.__ulp    0x000000000000e398       0x46 d:/3/mounriver_studio/toolchain/risc-v embedded gcc/bin/../lib/gcc/riscv-none-embed/8.2.0/../../../../riscv-none-embed/lib/rv32imacxw/ilp32\libg_nano.a(lib_a-mprec.o)
                0x000000000000e398                __ulp
 .text.__b2d    0x000000000000e3de       0xb4 d:/3/mounriver_studio/toolchain/risc-v embedded gcc/bin/../lib/gcc/riscv-none-embed/8.2.0/../../../../riscv-none-embed/lib/rv32imacxw/ilp32\libg_nano.a(lib_a-mprec.o)
                0x000000000000e3de                __b2d
 .text.__d2b    0x000000000000e492       0xd4 d:/3/mounriver_studio/toolchain/risc-v embedded gcc/bin/../lib/gcc/riscv-none-embed/8.2.0/../../../../riscv-none-embed/lib/rv32imacxw/ilp32\libg_nano.a(lib_a-mprec.o)
                0x000000000000e492                __d2b
 .text.__ratio  0x000000000000e566       0x74 d:/3/mounriver_studio/toolchain/risc-v embedded gcc/bin/../lib/gcc/riscv-none-embed/8.2.0/../../../../riscv-none-embed/lib/rv32imacxw/ilp32\libg_nano.a(lib_a-mprec.o)
                0x000000000000e566                __ratio
 .text.__copybits
                0x000000000000e5da       0x36 d:/3/mounriver_studio/toolchain/risc-v embedded gcc/bin/../lib/gcc/riscv-none-embed/8.2.0/../../../../riscv-none-embed/lib/rv32imacxw/ilp32\libg_nano.a(lib_a-mprec.o)
                0x000000000000e5da                __copybits
 .text.__any_on
                0x000000000000e610       0x46 d:/3/mounriver_studio/toolchain/risc-v embedded gcc/bin/../lib/gcc/riscv-none-embed/8.2.0/../../../../riscv-none-embed/lib/rv32imacxw/ilp32\libg_nano.a(lib_a-mprec.o)
                0x000000000000e610                __any_on
 .text._calloc_r
                0x000000000000e656       0x28 d:/3/mounriver_studio/toolchain/risc-v embedded gcc/bin/../lib/gcc/riscv-none-embed/8.2.0/../../../../riscv-none-embed/lib/rv32imacxw/ilp32\libg_nano.a(lib_a-nano-callocr.o)
                0x000000000000e656                _calloc_r
 .text.__ssputs_r
                0x000000000000e67e       0xe4 d:/3/mounriver_studio/toolchain/risc-v embedded gcc/bin/../lib/gcc/riscv-none-embed/8.2.0/../../../../riscv-none-embed/lib/rv32imacxw/ilp32\libg_nano.a(lib_a-nano-svfprintf.o)
                0x000000000000e67e                __ssputs_r
 .text._svfprintf_r
                0x000000000000e762      0x268 d:/3/mounriver_studio/toolchain/risc-v embedded gcc/bin/../lib/gcc/riscv-none-embed/8.2.0/../../../../riscv-none-embed/lib/rv32imacxw/ilp32\libg_nano.a(lib_a-nano-svfprintf.o)
                0x000000000000e762                _svfiprintf_r
                0x000000000000e762                _svfprintf_r
 .text._sungetc_r
                0x000000000000e9ca       0x96 d:/3/mounriver_studio/toolchain/risc-v embedded gcc/bin/../lib/gcc/riscv-none-embed/8.2.0/../../../../riscv-none-embed/lib/rv32imacxw/ilp32\libg_nano.a(lib_a-nano-svfscanf.o)
                0x000000000000e9ca                _sungetc_r
 .text.__ssrefill_r
                0x000000000000ea60       0x44 d:/3/mounriver_studio/toolchain/risc-v embedded gcc/bin/../lib/gcc/riscv-none-embed/8.2.0/../../../../riscv-none-embed/lib/rv32imacxw/ilp32\libg_nano.a(lib_a-nano-svfscanf.o)
                0x000000000000ea60                __ssrefill_r
 .text.__ssvfscanf_r
                0x000000000000eaa4      0x39e d:/3/mounriver_studio/toolchain/risc-v embedded gcc/bin/../lib/gcc/riscv-none-embed/8.2.0/../../../../riscv-none-embed/lib/rv32imacxw/ilp32\libg_nano.a(lib_a-nano-svfscanf.o)
                0x000000000000eaa4                __ssvfiscanf_r
                0x000000000000eaa4                __ssvfscanf_r
 .text.__sfputc_r
                0x000000000000ee42       0x28 d:/3/mounriver_studio/toolchain/risc-v embedded gcc/bin/../lib/gcc/riscv-none-embed/8.2.0/../../../../riscv-none-embed/lib/rv32imacxw/ilp32\libg_nano.a(lib_a-nano-vfprintf.o)
 .text.__sfputs_r
                0x000000000000ee6a       0x42 d:/3/mounriver_studio/toolchain/risc-v embedded gcc/bin/../lib/gcc/riscv-none-embed/8.2.0/../../../../riscv-none-embed/lib/rv32imacxw/ilp32\libg_nano.a(lib_a-nano-vfprintf.o)
                0x000000000000ee6a                __sfputs_r
 .text._vfprintf_r
                0x000000000000eeac      0x28c d:/3/mounriver_studio/toolchain/risc-v embedded gcc/bin/../lib/gcc/riscv-none-embed/8.2.0/../../../../riscv-none-embed/lib/rv32imacxw/ilp32\libg_nano.a(lib_a-nano-vfprintf.o)
                0x000000000000eeac                _vfprintf_r
                0x000000000000eeac                _vfiprintf_r
 .text._scanf_chars
                0x000000000000f138       0xe2 d:/3/mounriver_studio/toolchain/risc-v embedded gcc/bin/../lib/gcc/riscv-none-embed/8.2.0/../../../../riscv-none-embed/lib/rv32imacxw/ilp32\libg_nano.a(lib_a-nano-vfscanf_i.o)
                0x000000000000f138                _scanf_chars
 .text._scanf_i
                0x000000000000f21a      0x258 d:/3/mounriver_studio/toolchain/risc-v embedded gcc/bin/../lib/gcc/riscv-none-embed/8.2.0/../../../../riscv-none-embed/lib/rv32imacxw/ilp32\libg_nano.a(lib_a-nano-vfscanf_i.o)
                0x000000000000f21a                _scanf_i
 .text._read_r  0x000000000000f472       0x36 d:/3/mounriver_studio/toolchain/risc-v embedded gcc/bin/../lib/gcc/riscv-none-embed/8.2.0/../../../../riscv-none-embed/lib/rv32imacxw/ilp32\libg_nano.a(lib_a-readr.o)
                0x000000000000f472                _read_r
 .text.__sccl   0x000000000000f4a8       0x82 d:/3/mounriver_studio/toolchain/risc-v embedded gcc/bin/../lib/gcc/riscv-none-embed/8.2.0/../../../../riscv-none-embed/lib/rv32imacxw/ilp32\libg_nano.a(lib_a-sccl.o)
                0x000000000000f4a8                __sccl
 .text.strncmp  0x000000000000f52a       0x28 d:/3/mounriver_studio/toolchain/risc-v embedded gcc/bin/../lib/gcc/riscv-none-embed/8.2.0/../../../../riscv-none-embed/lib/rv32imacxw/ilp32\libg_nano.a(lib_a-strncmp.o)
                0x000000000000f52a                strncmp
 .text._strtoul_l.isra.0
                0x000000000000f552      0x130 d:/3/mounriver_studio/toolchain/risc-v embedded gcc/bin/../lib/gcc/riscv-none-embed/8.2.0/../../../../riscv-none-embed/lib/rv32imacxw/ilp32\libg_nano.a(lib_a-strtoul.o)
 .text._strtoul_r
                0x000000000000f682       0x16 d:/3/mounriver_studio/toolchain/risc-v embedded gcc/bin/../lib/gcc/riscv-none-embed/8.2.0/../../../../riscv-none-embed/lib/rv32imacxw/ilp32\libg_nano.a(lib_a-strtoul.o)
                0x000000000000f682                _strtoul_r
 .text.__submore
                0x000000000000f698       0x84 d:/3/mounriver_studio/toolchain/risc-v embedded gcc/bin/../lib/gcc/riscv-none-embed/8.2.0/../../../../riscv-none-embed/lib/rv32imacxw/ilp32\libg_nano.a(lib_a-ungetc.o)
                0x000000000000f698                __submore
 .text.__ascii_wctomb
                0x000000000000f71c       0x1e d:/3/mounriver_studio/toolchain/risc-v embedded gcc/bin/../lib/gcc/riscv-none-embed/8.2.0/../../../../riscv-none-embed/lib/rv32imacxw/ilp32\libg_nano.a(lib_a-wctomb_r.o)
                0x000000000000f71c                __ascii_wctomb
 .text._fstat_r
                0x000000000000f73a       0x34 d:/3/mounriver_studio/toolchain/risc-v embedded gcc/bin/../lib/gcc/riscv-none-embed/8.2.0/../../../../riscv-none-embed/lib/rv32imacxw/ilp32\libg_nano.a(lib_a-fstatr.o)
                0x000000000000f73a                _fstat_r
 .text._isatty_r
                0x000000000000f76e       0x32 d:/3/mounriver_studio/toolchain/risc-v embedded gcc/bin/../lib/gcc/riscv-none-embed/8.2.0/../../../../riscv-none-embed/lib/rv32imacxw/ilp32\libg_nano.a(lib_a-isattyr.o)
                0x000000000000f76e                _isatty_r
 .text.memmove  0x000000000000f7a0       0x46 d:/3/mounriver_studio/toolchain/risc-v embedded gcc/bin/../lib/gcc/riscv-none-embed/8.2.0/../../../../riscv-none-embed/lib/rv32imacxw/ilp32\libg_nano.a(lib_a-memmove.o)
                0x000000000000f7a0                memmove
 .text._realloc_r
                0x000000000000f7e6       0x58 d:/3/mounriver_studio/toolchain/risc-v embedded gcc/bin/../lib/gcc/riscv-none-embed/8.2.0/../../../../riscv-none-embed/lib/rv32imacxw/ilp32\libg_nano.a(lib_a-nano-reallocr.o)
                0x000000000000f7e6                _realloc_r
 .text._malloc_usable_size_r
                0x000000000000f83e       0x14 d:/3/mounriver_studio/toolchain/risc-v embedded gcc/bin/../lib/gcc/riscv-none-embed/8.2.0/../../../../riscv-none-embed/lib/rv32imacxw/ilp32\libg_nano.a(lib_a-nano-msizer.o)
                0x000000000000f83e                _malloc_usable_size_r
 .text.__eqdf2  0x000000000000f852       0x6a d:/3/mounriver_studio/toolchain/risc-v embedded gcc/bin/../lib/gcc/riscv-none-embed/8.2.0/rv32imacxw/ilp32\libgcc.a(eqdf2.o)
                0x000000000000f852                __nedf2
                0x000000000000f852                __eqdf2
 .text.__gedf2  0x000000000000f8bc       0xae d:/3/mounriver_studio/toolchain/risc-v embedded gcc/bin/../lib/gcc/riscv-none-embed/8.2.0/rv32imacxw/ilp32\libgcc.a(gedf2.o)
                0x000000000000f8bc                __gedf2
                0x000000000000f8bc                __gtdf2
 .text.__ledf2  0x000000000000f96a       0xb6 d:/3/mounriver_studio/toolchain/risc-v embedded gcc/bin/../lib/gcc/riscv-none-embed/8.2.0/rv32imacxw/ilp32\libgcc.a(ledf2.o)
                0x000000000000f96a                __ledf2
                0x000000000000f96a                __ltdf2
 .text.__unorddf2
                0x000000000000fa20       0x3c d:/3/mounriver_studio/toolchain/risc-v embedded gcc/bin/../lib/gcc/riscv-none-embed/8.2.0/rv32imacxw/ilp32\libgcc.a(unorddf2.o)
                0x000000000000fa20                __unorddf2
 .text.__fixdfsi
                0x000000000000fa5c       0x68 d:/3/mounriver_studio/toolchain/risc-v embedded gcc/bin/../lib/gcc/riscv-none-embed/8.2.0/rv32imacxw/ilp32\libgcc.a(fixdfsi.o)
                0x000000000000fa5c                __fixdfsi
 .text.__floatsidf
                0x000000000000fac4       0x72 d:/3/mounriver_studio/toolchain/risc-v embedded gcc/bin/../lib/gcc/riscv-none-embed/8.2.0/rv32imacxw/ilp32\libgcc.a(floatsidf.o)
                0x000000000000fac4                __floatsidf
 .text.__floatunsidf
                0x000000000000fb36       0x68 d:/3/mounriver_studio/toolchain/risc-v embedded gcc/bin/../lib/gcc/riscv-none-embed/8.2.0/rv32imacxw/ilp32\libgcc.a(floatunsidf.o)
                0x000000000000fb36                __floatunsidf
 .text.__extenddftf2
                0x000000000000fb9e      0x1a0 d:/3/mounriver_studio/toolchain/risc-v embedded gcc/bin/../lib/gcc/riscv-none-embed/8.2.0/rv32imacxw/ilp32\libgcc.a(extenddftf2.o)
                0x000000000000fb9e                __extenddftf2
 .text.__trunctfdf2
                0x000000000000fd3e      0x21e d:/3/mounriver_studio/toolchain/risc-v embedded gcc/bin/../lib/gcc/riscv-none-embed/8.2.0/rv32imacxw/ilp32\libgcc.a(trunctfdf2.o)
                0x000000000000fd3e                __trunctfdf2
 .text._close   0x000000000000ff5c       0x10 d:/3/mounriver_studio/toolchain/risc-v embedded gcc/bin/../lib/gcc/riscv-none-embed/8.2.0/../../../../riscv-none-embed/lib/rv32imacxw/ilp32\libnosys.a(close.o)
                0x000000000000ff5c                _close
 .text._fstat   0x000000000000ff6c       0x10 d:/3/mounriver_studio/toolchain/risc-v embedded gcc/bin/../lib/gcc/riscv-none-embed/8.2.0/../../../../riscv-none-embed/lib/rv32imacxw/ilp32\libnosys.a(fstat.o)
                0x000000000000ff6c                _fstat
 .text._isatty  0x000000000000ff7c       0x10 d:/3/mounriver_studio/toolchain/risc-v embedded gcc/bin/../lib/gcc/riscv-none-embed/8.2.0/../../../../riscv-none-embed/lib/rv32imacxw/ilp32\libnosys.a(isatty.o)
                0x000000000000ff7c                _isatty
 .text._lseek   0x000000000000ff8c       0x10 d:/3/mounriver_studio/toolchain/risc-v embedded gcc/bin/../lib/gcc/riscv-none-embed/8.2.0/../../../../riscv-none-embed/lib/rv32imacxw/ilp32\libnosys.a(lseek.o)
                0x000000000000ff8c                _lseek
 .text._read    0x000000000000ff9c       0x10 d:/3/mounriver_studio/toolchain/risc-v embedded gcc/bin/../lib/gcc/riscv-none-embed/8.2.0/../../../../riscv-none-embed/lib/rv32imacxw/ilp32\libnosys.a(read.o)
                0x000000000000ff9c                _read
 *(.rodata)
 *(.rodata*)
 *fill*         0x000000000000ffac        0x0 
 .rodata.check_fs.str1.4
                0x000000000000ffac        0x9 ./component/ff.o
 *fill*         0x000000000000ffb5        0x3 
 .rodata.cst.2650
                0x000000000000ffb8        0xe ./component/ff.o
 *fill*         0x000000000000ffc6        0x2 
 .rodata.cst32.2651
                0x000000000000ffc8        0xe ./component/ff.o
 *fill*         0x000000000000ffd6        0x2 
 .rodata.defopt.2652
                0x000000000000ffd8       0x10 ./component/ff.o
 .rodata.f_mkfs.str1.4
                0x000000000000ffe8       0x34 ./component/ff.o
 .rodata.follow_path.str1.4
                0x000000000001001c        0xf ./component/ff.o
 *fill*         0x000000000001002b        0x1 
 .rodata.ascii_1608
                0x000000000001002c      0x5f0 ./component/lcd.o
                0x000000000001002c                ascii_1608
 .rodata.ascii_3216
                0x000000000001061c     0x17c0 ./component/lcd.o
                0x000000000001061c                ascii_3216
 .rodata.tfont16
                0x0000000000011ddc      0x2ca ./component/lcd.o
                0x0000000000011ddc                tfont16
 *fill*         0x00000000000120a6        0x2 
 .rodata.tfont24
                0x00000000000120a8      0x172 ./component/lcd.o
                0x00000000000120a8                tfont24
 *fill*         0x000000000001221a        0x2 
 .rodata.tfont32
                0x000000000001221c      0xdb6 ./component/lcd.o
                0x000000000001221c                tfont32
 *fill*         0x0000000000012fd2        0x2 
 .rodata.gps_proc
                0x0000000000012fd4       0x24 ./app/gps_app.o
 .rodata.Data_Transfor.cst4
                0x0000000000012ff8        0xc ./app/gps_app.o
 *fill*         0x0000000000013004        0x4 
 .rodata.Data_Transfor.cst8
                0x0000000000013008       0x10 ./app/gps_app.o
 .rodata.Data_Transfor.str1.4
                0x0000000000013018       0x84 ./app/gps_app.o
 .rodata.gps_arrive.str1.4
                0x000000000001309c       0x13 ./app/gps_app.o
 *fill*         0x00000000000130af        0x1 
 .rodata.gps_proc.str1.4
                0x00000000000130b0       0x15 ./app/gps_app.o
 *fill*         0x00000000000130c5        0x3 
 .rodata.show_td.str1.4
                0x00000000000130c8       0x13 ./app/gps_app.o
 *fill*         0x00000000000130db        0x1 
 .rodata.key_proc.str1.4
                0x00000000000130dc        0xe ./app/key_app.o
 *fill*         0x00000000000130ea        0x2 
 .rodata.gImage_1
                0x00000000000130ec    0x25800 ./app/lcd_app.o
                0x00000000000130ec                gImage_1
 .rodata.insertTwoInts.str1.4
                0x00000000000388ec        0xe ./app/lcd_app.o
                                          0x3 (size before relaxing)
 .rodata.USART2_IRQHandler
                0x00000000000388ec       0x2c ./app/nfc_app.o
 .rodata.add_card.str1.4
                0x0000000000038918       0x15 ./app/nfc_app.o
                                         0x1f (size before relaxing)
 *fill*         0x000000000003892d        0x3 
 .rodata.simulate_passenger_boarding.str1.4
                0x0000000000038930       0x10 ./app/nfc_app.o
 .rodata.onenet_proc
                0x0000000000038940       0x28 ./app/onenet_app.o
 .rodata.onenet_proc.str1.4
                0x0000000000038968       0x97 ./app/onenet_app.o
                                         0x9f (size before relaxing)
 *fill*         0x00000000000389ff        0x1 
 .rodata.DHT11_Read.cst4
                0x0000000000038a00        0x4 ./app/onewire_app.o
 .rodata.show_temperature.str1.4
                0x0000000000038a04       0x7e ./app/onewire_app.o
 *fill*         0x0000000000038a82        0x2 
 .rodata.my_pageA0.str1.4
                0x0000000000038a84       0x25 ./app/page_app.o
 *fill*         0x0000000000038aa9        0x3 
 .rodata.my_pageB2.str1.4
                0x0000000000038aac       0x1d ./app/page_app.o
 *fill*         0x0000000000038ac9        0x3 
 .rodata.my_pageB5.str1.4
                0x0000000000038acc       0x15 ./app/page_app.o
 *fill*         0x0000000000038ae1        0x3 
 .rodata.my_pageB6.str1.4
                0x0000000000038ae4        0x7 ./app/page_app.o
 *fill*         0x0000000000038aeb        0x1 
 .rodata.station_ranges
                0x0000000000038aec       0x30 ./app/page_app.o
                0x0000000000038aec                station_ranges
 .rodata.fan.str1.4
                0x0000000000038b1c        0xe ./app/rtc_app.o
 *fill*         0x0000000000038b2a        0x2 
 .rodata.led.str1.4
                0x0000000000038b2c        0xe ./app/rtc_app.o
 *fill*         0x0000000000038b3a        0x2 
 .rodata.scheduler_init.str1.4
                0x0000000000038b3c        0x8 ./app/scheduler_app.o
 .rodata.savePassengerLogToSD.str1.4
                0x0000000000038b44      0x2f8 ./app/sd_app.o
                                        0x2fc (size before relaxing)
 .rodata.sd_app_init.str1.4
                0x0000000000038e3c      0x191 ./app/sd_app.o
                                        0x199 (size before relaxing)
 *fill*         0x0000000000038fcd        0x3 
 .rodata.show_sdcard_info.str1.4
                0x0000000000038fd0       0xb6 ./app/sd_app.o
 *fill*         0x0000000000039086        0x2 
 .rodata.showreport.str1.4
                0x0000000000039088       0x51 ./app/sd_app.o
 *fill*         0x00000000000390d9        0x3 
 .rodata.findNextStation.str1.4
                0x00000000000390dc       0x12 ./User/data.o
 *fill*         0x00000000000390ee        0x2 
 .rodata.processBoarding.str1.4
                0x00000000000390f0       0x1d ./User/data.o
 *fill*         0x000000000003910d        0x3 
 .rodata.processDropoffs.str1.4
                0x0000000000039110       0x16 ./User/data.o
 *fill*         0x0000000000039126        0x2 
 .rodata.main.str1.4
                0x0000000000039128        0x5 ./User/main.o
 .rodata.FindSCR.str1.4
                0x000000000003912d        0x5 ./User/sdio.o
 *fill*         0x000000000003912d        0x3 
 .rodata.__divdf3
                0x0000000000039130       0x40 d:/3/mounriver_studio/toolchain/risc-v embedded gcc/bin/../lib/gcc/riscv-none-embed/8.2.0/rv32imacxw/ilp32\libgcc.a(divdf3.o)
 .rodata.__muldf3
                0x0000000000039170       0x40 d:/3/mounriver_studio/toolchain/risc-v embedded gcc/bin/../lib/gcc/riscv-none-embed/8.2.0/rv32imacxw/ilp32\libgcc.a(muldf3.o)
 .rodata.__divsf3
                0x00000000000391b0       0x80 d:/3/mounriver_studio/toolchain/risc-v embedded gcc/bin/../lib/gcc/riscv-none-embed/8.2.0/rv32imacxw/ilp32\libgcc.a(divsf3.o)
 .rodata.__mulsf3
                0x0000000000039230       0x40 d:/3/mounriver_studio/toolchain/risc-v embedded gcc/bin/../lib/gcc/riscv-none-embed/8.2.0/rv32imacxw/ilp32\libgcc.a(mulsf3.o)
 .rodata.__clz_tab
                0x0000000000039270      0x100 d:/3/mounriver_studio/toolchain/risc-v embedded gcc/bin/../lib/gcc/riscv-none-embed/8.2.0/rv32imacxw/ilp32\libgcc.a(_clz.o)
                0x0000000000039270                __clz_tab
 .rodata.__sf_fake_stderr
                0x0000000000039370       0x20 d:/3/mounriver_studio/toolchain/risc-v embedded gcc/bin/../lib/gcc/riscv-none-embed/8.2.0/../../../../riscv-none-embed/lib/rv32imacxw/ilp32\libg_nano.a(lib_a-findfp.o)
                0x0000000000039370                __sf_fake_stderr
 .rodata.__sf_fake_stdin
                0x0000000000039390       0x20 d:/3/mounriver_studio/toolchain/risc-v embedded gcc/bin/../lib/gcc/riscv-none-embed/8.2.0/../../../../riscv-none-embed/lib/rv32imacxw/ilp32\libg_nano.a(lib_a-findfp.o)
                0x0000000000039390                __sf_fake_stdin
 .rodata.__sf_fake_stdout
                0x00000000000393b0       0x20 d:/3/mounriver_studio/toolchain/risc-v embedded gcc/bin/../lib/gcc/riscv-none-embed/8.2.0/../../../../riscv-none-embed/lib/rv32imacxw/ilp32\libg_nano.a(lib_a-findfp.o)
                0x00000000000393b0                __sf_fake_stdout
 .rodata._printf_float.cst8
                0x00000000000393d0        0x8 d:/3/mounriver_studio/toolchain/risc-v embedded gcc/bin/../lib/gcc/riscv-none-embed/8.2.0/../../../../riscv-none-embed/lib/rv32imacxw/ilp32\libg_nano.a(lib_a-nano-vfprintf_float.o)
 .rodata._printf_float.str1.4
                0x00000000000393d8       0x10 d:/3/mounriver_studio/toolchain/risc-v embedded gcc/bin/../lib/gcc/riscv-none-embed/8.2.0/../../../../riscv-none-embed/lib/rv32imacxw/ilp32\libg_nano.a(lib_a-nano-vfprintf_float.o)
                                         0x12 (size before relaxing)
 .rodata._printf_i.str1.4
                0x00000000000393e8       0x25 d:/3/mounriver_studio/toolchain/risc-v embedded gcc/bin/../lib/gcc/riscv-none-embed/8.2.0/../../../../riscv-none-embed/lib/rv32imacxw/ilp32\libg_nano.a(lib_a-nano-vfprintf_i.o)
 *fill*         0x000000000003940d        0x3 
 .rodata._scanf_float.str1.4
                0x0000000000039410        0x5 d:/3/mounriver_studio/toolchain/risc-v embedded gcc/bin/../lib/gcc/riscv-none-embed/8.2.0/../../../../riscv-none-embed/lib/rv32imacxw/ilp32\libg_nano.a(lib_a-nano-vfscanf_float.o)
 *fill*         0x0000000000039415        0x3 
 .rodata.nanf.cst4
                0x0000000000039418        0x4 d:/3/mounriver_studio/toolchain/risc-v embedded gcc/bin/../lib/gcc/riscv-none-embed/8.2.0/../../../../riscv-none-embed/lib/rv32imacxw/ilp32\libg_nano.a(lib_a-sf_nan.o)
 .rodata._strtod_l
                0x000000000003941c       0x14 d:/3/mounriver_studio/toolchain/risc-v embedded gcc/bin/../lib/gcc/riscv-none-embed/8.2.0/../../../../riscv-none-embed/lib/rv32imacxw/ilp32\libg_nano.a(lib_a-strtod.o)
 .rodata._strtod_l.cst8
                0x0000000000039430       0x38 d:/3/mounriver_studio/toolchain/risc-v embedded gcc/bin/../lib/gcc/riscv-none-embed/8.2.0/../../../../riscv-none-embed/lib/rv32imacxw/ilp32\libg_nano.a(lib_a-strtod.o)
 .rodata._strtod_l.str1.4
                0x0000000000039468        0xf d:/3/mounriver_studio/toolchain/risc-v embedded gcc/bin/../lib/gcc/riscv-none-embed/8.2.0/../../../../riscv-none-embed/lib/rv32imacxw/ilp32\libg_nano.a(lib_a-strtod.o)
 *fill*         0x0000000000039477        0x1 
 .rodata.fpi.3395
                0x0000000000039478       0x14 d:/3/mounriver_studio/toolchain/risc-v embedded gcc/bin/../lib/gcc/riscv-none-embed/8.2.0/../../../../riscv-none-embed/lib/rv32imacxw/ilp32\libg_nano.a(lib_a-strtod.o)
 .rodata.fpinan.3431
                0x000000000003948c       0x14 d:/3/mounriver_studio/toolchain/risc-v embedded gcc/bin/../lib/gcc/riscv-none-embed/8.2.0/../../../../riscv-none-embed/lib/rv32imacxw/ilp32\libg_nano.a(lib_a-strtod.o)
 .rodata.tinytens
                0x00000000000394a0       0x28 d:/3/mounriver_studio/toolchain/risc-v embedded gcc/bin/../lib/gcc/riscv-none-embed/8.2.0/../../../../riscv-none-embed/lib/rv32imacxw/ilp32\libg_nano.a(lib_a-strtod.o)
 .rodata._dtoa_r.cst8
                0x00000000000394c8       0x38 d:/3/mounriver_studio/toolchain/risc-v embedded gcc/bin/../lib/gcc/riscv-none-embed/8.2.0/../../../../riscv-none-embed/lib/rv32imacxw/ilp32\libg_nano.a(lib_a-dtoa.o)